Component: ARM Compiler 5.06 update 5 (build 528) Tool: armlink [4d35e2]

==============================================================================

Section Cross References

    startup_stm32f407xx.o(RESET) refers to startup_stm32f407xx.o(STACK) for __initial_sp
    startup_stm32f407xx.o(RESET) refers to startup_stm32f407xx.o(.text) for Reset_Handler
    startup_stm32f407xx.o(RESET) refers to stm32f4xx_it.o(i.NMI_Handler) for NMI_Handler
    startup_stm32f407xx.o(RESET) refers to stm32f4xx_it.o(i.HardFault_Handler) for HardFault_Handler
    startup_stm32f407xx.o(RESET) refers to stm32f4xx_it.o(i.MemManage_Handler) for MemManage_Handler
    startup_stm32f407xx.o(RESET) refers to stm32f4xx_it.o(i.BusFault_Handler) for BusFault_Handler
    startup_stm32f407xx.o(RESET) refers to stm32f4xx_it.o(i.UsageFault_Handler) for UsageFault_Handler
    startup_stm32f407xx.o(RESET) refers to stm32f4xx_it.o(i.SVC_Handler) for SVC_Handler
    startup_stm32f407xx.o(RESET) refers to stm32f4xx_it.o(i.DebugMon_Handler) for DebugMon_Handler
    startup_stm32f407xx.o(RESET) refers to stm32f4xx_it.o(i.PendSV_Handler) for PendSV_Handler
    startup_stm32f407xx.o(RESET) refers to stm32f4xx_it.o(i.SysTick_Handler) for SysTick_Handler
    startup_stm32f407xx.o(RESET) refers to usmart_port.o(i.TIM4_IRQHandler) for TIM4_IRQHandler
    startup_stm32f407xx.o(RESET) refers to usart.o(i.USART1_IRQHandler) for USART1_IRQHandler
    startup_stm32f407xx.o(.text) refers to system_stm32f4xx.o(i.SystemInit) for SystemInit
    startup_stm32f407xx.o(.text) refers to entry.o(.ARM.Collect$$$$00000000) for __main
    main.o(i.accel_calibration_verify) refers to lcd.o(i.lcd_clear) for lcd_clear
    main.o(i.accel_calibration_verify) refers to lcd.o(i.lcd_show_string) for lcd_show_string
    main.o(i.accel_calibration_verify) refers to stm32f4xx_hal.o(i.HAL_GetTick) for HAL_GetTick
    main.o(i.accel_calibration_verify) refers to printfa.o(i.__0printf) for __2printf
    main.o(i.accel_calibration_verify) refers to key.o(i.key_scan) for key_scan
    main.o(i.accel_calibration_verify) refers to qma6100p.o(i.qma6100p_read_rawdata) for qma6100p_read_rawdata
    main.o(i.accel_calibration_verify) refers to lcd.o(i.lcd_fill) for lcd_fill
    main.o(i.accel_calibration_verify) refers to stm32f4xx_hal_gpio.o(i.HAL_GPIO_TogglePin) for HAL_GPIO_TogglePin
    main.o(i.accel_calibration_verify) refers to delay.o(i.delay_ms) for delay_ms
    main.o(i.accel_calibration_verify) refers to f2d.o(.text) for __aeabi_f2d
    main.o(i.accel_calibration_verify) refers to fabs.o(i.__hardfp_fabs) for __hardfp_fabs
    main.o(i.accel_calibration_verify) refers to dadd.o(.text) for __aeabi_dadd
    main.o(i.accel_calibration_verify) refers to ddiv.o(.text) for __aeabi_ddiv
    main.o(i.accel_calibration_verify) refers to d2f.o(.text) for __aeabi_d2f
    main.o(i.accel_calibration_verify) refers to printfa.o(i.__0sprintf) for __2sprintf
    main.o(i.accel_calibration_verify) refers to fmaxf.o(i.__hardfp_fmaxf) for __hardfp_fmaxf
    main.o(i.main) refers to stm32f4xx_hal.o(i.HAL_Init) for HAL_Init
    main.o(i.main) refers to sys.o(i.sys_stm32_clock_init) for sys_stm32_clock_init
    main.o(i.main) refers to delay.o(i.delay_init) for delay_init
    main.o(i.main) refers to usart.o(i.usart_init) for usart_init
    main.o(i.main) refers to led.o(i.led_init) for led_init
    main.o(i.main) refers to key.o(i.key_init) for key_init
    main.o(i.main) refers to lcd.o(i.lcd_init) for lcd_init
    main.o(i.main) refers to lcd.o(i.lcd_show_string) for lcd_show_string
    main.o(i.main) refers to delay.o(i.delay_ms) for delay_ms
    main.o(i.main) refers to lcd.o(i.lcd_fill) for lcd_fill
    main.o(i.main) refers to qma6100p.o(i.qma6100p_init) for qma6100p_init
    main.o(i.main) refers to key.o(i.key_scan) for key_scan
    main.o(i.main) refers to main.o(i.accel_calibration_verify) for accel_calibration_verify
    main.o(i.main) refers to lcd.o(i.lcd_clear) for lcd_clear
    main.o(i.main) refers to qma6100p.o(i.qma6100p_read_rawdata) for qma6100p_read_rawdata
    main.o(i.main) refers to main.o(i.user_show_mag) for user_show_mag
    main.o(i.main) refers to stm32f4xx_hal_gpio.o(i.HAL_GPIO_TogglePin) for HAL_GPIO_TogglePin
    main.o(i.main) refers to usmart_config.o(.data) for usmart_dev
    main.o(i.user_show_mag) refers to f2d.o(.text) for __aeabi_f2d
    main.o(i.user_show_mag) refers to printfa.o(i.__0sprintf) for __2sprintf
    main.o(i.user_show_mag) refers to lcd.o(i.lcd_fill) for lcd_fill
    main.o(i.user_show_mag) refers to lcd.o(i.lcd_show_string) for lcd_show_string
    stm32f4xx_it.o(i.SysTick_Handler) refers to stm32f4xx_hal.o(i.HAL_IncTick) for HAL_IncTick
    system_stm32f4xx.o(i.SystemCoreClockUpdate) refers to system_stm32f4xx.o(.data) for SystemCoreClock
    system_stm32f4xx.o(i.SystemCoreClockUpdate) refers to system_stm32f4xx.o(.constdata) for AHBPrescTable
    delay.o(i.HAL_Delay) refers to delay.o(i.delay_ms) for delay_ms
[...]
    .ARM.Collect$$$$00000001                 0x08000188   Section        4  entry2.o(.ARM.Collect$$$$00000001)
    .ARM.Collect$$$$00000004                 0x0800018c   Section        4  entry5.o(.ARM.Collect$$$$00000004)
    .ARM.Collect$$$$00000008                 0x08000190   Section        0  entry7b.o(.ARM.Collect$$$$00000008)
    .ARM.Collect$$$$0000000A                 0x08000190   Section        0  entry8b.o(.ARM.Collect$$$$0000000A)
    .ARM.Collect$$$$0000000B                 0x08000190   Section        8  entry9a.o(.ARM.Collect$$$$0000000B)
    .ARM.Collect$$$$0000000D                 0x08000198   Section        0  entry10a.o(.ARM.Collect$$$$0000000D)
    .ARM.Collect$$$$0000000F                 0x08000198   Section        0  entry11a.o(.ARM.Collect$$$$0000000F)
    .ARM.Collect$$$$00002712                 0x08000198   Section        4  entry2.o(.ARM.Collect$$$$00002712)
    __lit__00000000                          0x08000198   Data           4  entry2.o(.ARM.Collect$$$$00002712)
    .text                                    0x0800019c   Section       52  startup_stm32f407xx.o(.text)
    $v0                                      0x0800019c   Number         0  startup_stm32f407xx.o(.text)
    .text                                    0x080001d0   Section        0  uldiv.o(.text)
    .text                                    0x08000232   Section        0  memseta.o(.text)
    .text                                    0x08000256   Section        0  dadd.o(.text)
    .text                                    0x080003a4   Section        0  dmul.o(.text)
    .text                                    0x08000488   Section        0  ddiv.o(.text)
    .text                                    0x08000566   Section        0  dfltui.o(.text)
    .text                                    0x08000580   Section        0  dfixui.o(.text)
    .text                                    0x080005b2   Section        0  f2d.o(.text)
    .text                                    0x080005d8   Section        0  d2f.o(.text)
    .text                                    0x08000610   Section        0  uidiv.o(.text)
    .text                                    0x0800063c   Section        0  llshl.o(.text)
    .text                                    0x0800065a   Section        0  llushr.o(.text)
    .text                                    0x0800067a   Section        0  llsshr.o(.text)
    .text                                    0x0800069e   Section        0  fepilogue.o(.text)
    .text                                    0x0800069e   Section        0  iusefp.o(.text)
    .text                                    0x0800070c   Section        0  depilogue.o(.text)
    .text                                    0x080007c6   Section        0  dsqrt.o(.text)
    .text                                    0x08000868   Section        0  dfixul.o(.text)
    .text                                    0x08000898   Section       48  cdrcmple.o(.text)
    .text                                    0x080008c8   Section        0  fcmp4.o(.text)
    .text                                    0x08000900   Section       36  init.o(.text)
    .text                                    0x08000924   Section        0  __dczerorl2.o(.text)
    i.BusFault_Handler                       0x0800097a   Section        0  stm32f4xx_it.o(i.BusFault_Handler)
    i.DebugMon_Handler                       0x0800097e   Section        0  stm32f4xx_it.o(i.DebugMon_Handler)
    i.FSMC_NORSRAM_Extended_Timing_Init      0x08000980   Section        0  stm32f4xx_ll_fsmc.o(i.FSMC_NORSRAM_Extended_Timing_Init)
    i.FSMC_NORSRAM_Init                      0x080009c8   Section        0  stm32f4xx_ll_fsmc.o(i.FSMC_NORSRAM_Init)
    i.FSMC_NORSRAM_Timing_Init               0x08000a24   Section        0  stm32f4xx_ll_fsmc.o(i.FSMC_NORSRAM_Timing_Init)
    i.HAL_DMA_Abort                          0x08000a68   Section        0  stm32f4xx_hal_dma.o(i.HAL_DMA_Abort)
    i.HAL_DMA_Abort_IT                       0x08000b12   Section        0  stm32f4xx_hal_dma.o(i.HAL_DMA_Abort_IT)
    i.HAL_GPIO_Init                          0x08000b3c   Section        0  stm32f4xx_hal_gpio.o(i.HAL_GPIO_Init)
    i.HAL_GPIO_ReadPin                       0x08000d40   Section        0  stm32f4xx_hal_gpio.o(i.HAL_GPIO_ReadPin)
    i.HAL_GPIO_TogglePin                     0x08000d50   Section        0  stm32f4xx_hal_gpio.o(i.HAL_GPIO_TogglePin)
    i.HAL_GPIO_WritePin                      0x08000d64   Section        0  stm32f4xx_hal_gpio.o(i.HAL_GPIO_WritePin)
    i.HAL_GetREVID                           0x08000d70   Section        0  stm32f4xx_hal.o(i.HAL_GetREVID)
    i.HAL_GetTick                            0x08000d7c   Section        0  stm32f4xx_hal.o(i.HAL_GetTick)
    i.HAL_IncTick                            0x08000d88   Section        0  stm32f4xx_hal.o(i.HAL_IncTick)
    i.HAL_Init                               0x08000da0   Section        0  stm32f4xx_hal.o(i.HAL_Init)
    i.HAL_InitTick                           0x08000dd0   Section        0  stm32f4xx_hal.o(i.HAL_InitTick)
    i.HAL_MspInit                            0x08000e1c   Section        0  stm32f4xx_hal.o(i.HAL_MspInit)
    i.HAL_NVIC_EnableIRQ                     0x08000e1e   Section        0  stm32f4xx_hal_cortex.o(i.HAL_NVIC_EnableIRQ)
    i.HAL_NVIC_SetPriority                   0x08000e3e   Section        0  stm32f4xx_hal_cortex.o(i.HAL_NVIC_SetPriority)
    i.HAL_NVIC_SetPriorityGrouping           0x08000ebc   Section        0  stm32f4xx_hal_cortex.o(i.HAL_NVIC_SetPriorityGrouping)
    i.HAL_RCC_ClockConfig                    0x08000ee4   Section        0  stm32f4xx_hal_rcc.o(i.HAL_RCC_ClockConfig)
    i.HAL_RCC_GetHCLKFreq                    0x08001068   Section        0  stm32f4xx_hal_rcc.o(i.HAL_RCC_GetHCLKFreq)
    i.HAL_RCC_GetPCLK1Freq                   0x08001074   Section        0  stm32f4xx_hal_rcc.o(i.HAL_RCC_GetPCLK1Freq)
    i.HAL_RCC_GetPCLK2Freq                   0x08001094   Section        0  stm32f4xx_hal_rcc.o(i.HAL_RCC_GetPCLK2Freq)
    i.HAL_RCC_GetSysClockFreq                0x080010b4   Section        0  stm32f4xx_hal_rcc.o(i.HAL_RCC_GetSysClockFreq)
    i.HAL_RCC_OscConfig                      0x08001164   Section        0  stm32f4xx_hal_rcc.o(i.HAL_RCC_OscConfig)
    i.HAL_SRAM_Init                          0x08001600   Section        0  stm32f4xx_hal_sram.o(i.HAL_SRAM_Init)
    i.HAL_SRAM_MspInit                       0x08001658   Section        0  lcd.o(i.HAL_SRAM_MspInit)
    i.HAL_SYSTICK_Config                     0x080016fc   Section        0  stm32f4xx_hal_cortex.o(i.HAL_SYSTICK_Config)
    i.HAL_TIM_Base_Init                      0x08001730   Section        0  stm32f4xx_hal_tim.o(i.HAL_TIM_Base_Init)
    i.HAL_TIM_Base_MspInit                   0x08001796   Section        0  stm32f4xx_hal_tim.o(i.HAL_TIM_Base_MspInit)
    i.HAL_TIM_Base_Start_IT                  0x08001798   Section        0  stm32f4xx_hal_tim.o(i.HAL_TIM_Base_Start_IT)
    i.HAL_UARTEx_RxEventCallback             0x08001840   Section        0  stm32f4xx_hal_uart.o(i.HAL_UARTEx_RxEventCallback)
    i.HAL_UART_ErrorCallback                 0x08001842   Section        0  stm32f4xx_hal_uart.o(i.HAL_UART_ErrorCallback)
    i.HAL_UART_IRQHandler                    0x08001844   Section        0  stm32f4xx_hal_uart.o(i.HAL_UART_IRQHandler)
    i.HAL_UART_Init                          0x08001a94   Section        0  stm32f4xx_hal_uart.o(i.HAL_UART_Init)
    i.HAL_UART_MspInit                       0x08001b08   Section        0  usart.o(i.HAL_UART_MspInit)
    i.HAL_UART_Receive_IT                    0x08001bd4   Section        0  stm32f4xx_hal_uart.o(i.HAL_UART_Receive_IT)
    i.HAL_UART_RxCpltCallback                0x08001c18   Section        0  usart.o(i.HAL_UART_RxCpltCallback)
    i.HAL_UART_TxCpltCallback                0x08001cb4   Section        0  stm32f4xx_hal_uart.o(i.HAL_UART_TxCpltCallback)
    i.HardFault_Handler                      0x08001cb6   Section        0  stm32f4xx_it.o(i.HardFault_Handler)
    i.MemManage_Handler                      0x08001cba   Section        0  stm32f4xx_it.o(i.MemManage_Handler)
    i.NMI_Handler                            0x08001cbe   Section        0  stm32f4xx_it.o(i.NMI_Handler)
    i.PendSV_Handler                         0x08001cc0   Section        0  stm32f4xx_it.o(i.PendSV_Handler)
    i.SVC_Handler                            0x08001cc2   Section        0  stm32f4xx_it.o(i.SVC_Handler)
    i.SysTick_Handler                        0x08001cc4   Section        0  stm32f4xx_it.o(i.SysTick_Handler)
    i.SystemInit                             0x08001ccc   Section        0  system_stm32f4xx.o(i.SystemInit)
    i.TIM4_IRQHandler                        0x08001ce0   Section        0  usmart_port.o(i.TIM4_IRQHandler)
    i.TIM_Base_SetConfig                     0x08001d24   Section        0  stm32f4xx_hal_tim.o(i.TIM_Base_SetConfig)
    i.UART_DMAAbortOnError                   0x08001dfc   Section        0  stm32f4xx_hal_uart.o(i.UART_DMAAbortOnError)
    UART_DMAAbortOnError                     0x08001dfd   Thumb Code    20  stm32f4xx_hal_uart.o(i.UART_DMAAbortOnError)
    i.UART_EndRxTransfer                     0x08001e10   Section        0  stm32f4xx_hal_uart.o(i.UART_EndRxTransfer)
    UART_EndRxTransfer                       0x08001e11   Thumb Code    54  stm32f4xx_hal_uart.o(i.UART_EndRxTransfer)
    i.UART_EndTransmit_IT                    0x08001e46   Section        0  stm32f4xx_hal_uart.o(i.UART_EndTransmit_IT)
    UART_EndTransmit_IT                      0x08001e47   Thumb Code    32  stm32f4xx_hal_uart.o(i.UART_EndTransmit_IT)
    i.UART_Receive_IT                        0x08001e66   Section        0  stm32f4xx_hal_uart.o(i.UART_Receive_IT)
    UART_Receive_IT                          0x08001e67   Thumb Code   190  stm32f4xx_hal_uart.o(i.UART_Receive_IT)
    i.UART_SetConfig                         0x08001f24   Section        0  stm32f4xx_hal_uart.o(i.UART_SetConfig)
    UART_SetConfig                           0x08001f25   Thumb Code   546  stm32f4xx_hal_uart.o(i.UART_SetConfig)
    i.UART_Start_Receive_IT                  0x08002150   Section        0  stm32f4xx_hal_uart.o(i.UART_Start_Receive_IT)
    i.UART_Transmit_IT                       0x08002196   Section        0  stm32f4xx_hal_uart.o(i.UART_Transmit_IT)
    UART_Transmit_IT                         0x08002197   Thumb Code    96  stm32f4xx_hal_uart.o(i.UART_Transmit_IT)
    i.USART1_IRQHandler                      0x080021f8   Section        0  usart.o(i.USART1_IRQHandler)
    i.UsageFault_Handler                     0x08002208   Section        0  stm32f4xx_it.o(i.UsageFault_Handler)
    i.__0printf                              0x0800220c   Section        0  printfa.o(i.__0printf)
    i.__0sprintf                             0x0800222c   Section        0  printfa.o(i.__0sprintf)
    i.__ARM_fpclassifyf                      0x08002254   Section        0  fpclassifyf.o(i.__ARM_fpclassifyf)
    i.__NVIC_GetPriorityGrouping             0x0800227c   Section        0  stm32f4xx_hal_cortex.o(i.__NVIC_GetPriorityGrouping)
    __NVIC_GetPriorityGrouping               0x0800227d   Thumb Code    10  stm32f4xx_hal_cortex.o(i.__NVIC_GetPriorityGrouping)
    i.__NVIC_SetPriority                     0x0800228c   Section        0  stm32f4xx_hal_cortex.o(i.__NVIC_SetPriority)
    __NVIC_SetPriority                       0x0800228d   Thumb Code    32  stm32f4xx_hal_cortex.o(i.__NVIC_SetPriority)
    i.__hardfp_asinf                         0x080022b4   Section        0  asinf.o(i.__hardfp_asinf)
    i.__hardfp_atan2f                        0x080023e0   Section        0  atan2f.o(i.__hardfp_atan2f)
    i.__hardfp_fabs                          0x08002630   Section        0  fabs.o(i.__hardfp_fabs)
    i.__hardfp_fmaxf                         0x08002644   Section        0  fmaxf.o(i.__hardfp_fmaxf)
    i.__hardfp_sqrt                          0x0800268c   Section        0  sqrt.o(i.__hardfp_sqrt)
    i.__hardfp_sqrtf                         0x08002706   Section        0  sqrtf.o(i.__hardfp_sqrtf)
    i.__mathlib_flt_infnan                   0x08002740   Section        0  funder.o(i.__mathlib_flt_infnan)
    i.__mathlib_flt_infnan2                  0x08002746   Section        0  funder.o(i.__mathlib_flt_infnan2)
    i.__mathlib_flt_invalid                  0x0800274c   Section        0  funder.o(i.__mathlib_flt_invalid)
    i.__mathlib_flt_underflow                0x0800275c   Section        0  funder.o(i.__mathlib_flt_underflow)
    i.__scatterload_copy                     0x0800276c   Section       14  handlers.o(i.__scatterload_copy)
    i.__scatterload_null                     0x0800277a   Section        2  handlers.o(i.__scatterload_null)
    i.__scatterload_zeroinit                 0x0800277c   Section       14  handlers.o(i.__scatterload_zeroinit)
    i.__set_errno                            0x0800278c   Section        0  errno.o(i.__set_errno)
    i._fp_digits                             0x08002798   Section        0  printfa.o(i._fp_digits)
    _fp_digits                               0x08002799   Thumb Code   366  printfa.o(i._fp_digits)
    i._printf_core                           0x0800291c   Section        0  printfa.o(i._printf_core)
    _printf_core                             0x0800291d   Thumb Code  1744  printfa.o(i._printf_core)
    i._printf_post_padding                   0x08002ff8   Section        0  printfa.o(i._printf_post_padding)
    _printf_post_padding                     0x08002ff9   Thumb Code    36  printfa.o(i._printf_post_padding)
    i._printf_pre_padding                    0x0800301c   Section        0  printfa.o(i._printf_pre_padding)
    _printf_pre_padding                      0x0800301d   Thumb Code    46  printfa.o(i._printf_pre_padding)
    i._sputc                                 0x0800304a   Section        0  printfa.o(i._sputc)
    _sputc                                   0x0800304b   Thumb Code    10  printfa.o(i._sputc)
    i.accel_calibration_verify               0x08003054   Section        0  main.o(i.accel_calibration_verify)
    i.at24cxx_read_one_byte                  0x08003b10   Section        0  24cxx.o(i.at24cxx_read_one_byte)
    i.at24cxx_write_one_byte                 0x08003b62   Section        0  24cxx.o(i.at24cxx_write_one_byte)
    i.delay_init                             0x08003bac   Section        0  delay.o(i.delay_init)
    i.delay_ms                               0x08003bb8   Section        0  delay.o(i.delay_ms)
    i.delay_us                               0x08003bcc   Section        0  delay.o(i.delay_us)
    i.fputc                                  0x08003c14   Section        0  usart.o(i.fputc)
    i.iic_ack                                0x08003c30   Section        0  myiic.o(i.iic_ack)
    i.iic_delay                              0x08003c84   Section        0  myiic.o(i.iic_delay)
    iic_delay                                0x08003c85   Thumb Code    10  myiic.o(i.iic_delay)
    i.iic_init                               0x08003c90   Section        0  myiic.o(i.iic_init)
    i.iic_nack                               0x08003d14   Section        0  myiic.o(i.iic_nack)
    i.iic_read_byte                          0x08003d54   Section        0  myiic.o(i.iic_read_byte)
    i.iic_send_byte                          0x08003db4   Section        0  myiic.o(i.iic_send_byte)
    i.iic_start                              0x08003e24   Section        0  myiic.o(i.iic_start)
    i.iic_stop                               0x08003e74   Section        0  myiic.o(i.iic_stop)
    i.iic_wait_ack                           0x08003eb4   Section        0  myiic.o(i.iic_wait_ack)
    i.key_init                               0x08003f1c   Section        0  key.o(i.key_init)
    i.key_scan                               0x08004018   Section        0  key.o(i.key_scan)
    i.lcd_clear                              0x080040dc   Section        0  lcd.o(i.lcd_clear)
    i.lcd_display_dir                        0x08004110   Section        0  lcd.o(i.lcd_display_dir)
    i.lcd_draw_circle                        0x0800427c   Section        0  lcd.o(i.lcd_draw_circle)
    i.lcd_draw_line                          0x08004326   Section        0  lcd.o(i.lcd_draw_line)
    i.lcd_draw_point                         0x080043d4   Section        0  lcd.o(i.lcd_draw_point)
    i.lcd_draw_rectangle                     0x080043f4   Section        0  lcd.o(i.lcd_draw_rectangle)
    i.lcd_ex_ili9341_reginit                 0x0800443e   Section        0  lcd.o(i.lcd_ex_ili9341_reginit)
    i.lcd_ex_ili9806_reginit                 0x0800466a   Section        0  lcd.o(i.lcd_ex_ili9806_reginit)
    i.lcd_ex_nt35310_reginit                 0x080049aa   Section        0  lcd.o(i.lcd_ex_nt35310_reginit)
    i.lcd_ex_nt35510_reginit                 0x0800589c   Section        0  lcd.o(i.lcd_ex_nt35510_reginit)
    i.lcd_ex_ssd1963_reginit                 0x0800680a   Section        0  lcd.o(i.lcd_ex_ssd1963_reginit)
    i.lcd_ex_st7789_reginit                  0x08006978   Section        0  lcd.o(i.lcd_ex_st7789_reginit)
    i.lcd_ex_st7796_reginit                  0x08006b20   Section        0  lcd.o(i.lcd_ex_st7796_reginit)
    i.lcd_fill                               0x08006ce8   Section        0  lcd.o(i.lcd_fill)
    i.lcd_init                               0x08006d3c   Section        0  lcd.o(i.lcd_init)
    i.lcd_opt_delay                          0x08007264   Section        0  lcd.o(i.lcd_opt_delay)
    lcd_opt_delay                            0x08007265   Thumb Code    12  lcd.o(i.lcd_opt_delay)
    i.lcd_pow                                0x08007270   Section        0  lcd.o(i.lcd_pow)
    lcd_pow                                  0x08007271   Thumb Code    22  lcd.o(i.lcd_pow)
    i.lcd_rd_data                            0x08007288   Section        0  lcd.o(i.lcd_rd_data)
    lcd_rd_data                              0x08007289   Thumb Code    20  lcd.o(i.lcd_rd_data)
    i.lcd_read_point                         0x080072a0   Section        0  lcd.o(i.lcd_read_point)
    i.lcd_scan_dir                           0x08007338   Section        0  lcd.o(i.lcd_scan_dir)
    i.lcd_set_cursor                         0x08007574   Section        0  lcd.o(i.lcd_set_cursor)
    i.lcd_show_char                          0x08007694   Section        0  lcd.o(i.lcd_show_char)
    i.lcd_show_num                           0x080077d4   Section        0  lcd.o(i.lcd_show_num)
    i.lcd_show_string                        0x0800786c   Section        0  lcd.o(i.lcd_show_string)
    i.lcd_show_xnum                          0x080078d6   Section        0  lcd.o(i.lcd_show_xnum)
    i.lcd_ssd_backlight_set                  0x0800799c   Section        0  lcd.o(i.lcd_ssd_backlight_set)
    i.lcd_wr_data                            0x080079fc   Section        0  lcd.o(i.lcd_wr_data)
    i.lcd_wr_regno                           0x08007a14   Section        0  lcd.o(i.lcd_wr_regno)
    i.lcd_write_ram_prepare                  0x08007a2c   Section        0  lcd.o(i.lcd_write_ram_prepare)
    i.lcd_write_reg                          0x08007a40   Section        0  lcd.o(i.lcd_write_reg)
    i.led_init                               0x08007a54   Section        0  led.o(i.led_init)
    i.main                                   0x08007aec   Section        0  main.o(i.main)
    i.qma6100p_comfig                        0x08007da8   Section        0  qma6100p.o(i.qma6100p_comfig)
    i.qma6100p_init                          0x08007e84   Section        0  qma6100p.o(i.qma6100p_init)
    i.qma6100p_read_rawdata                  0x08007eb0   Section        0  qma6100p.o(i.qma6100p_read_rawdata)
    i.qma6100p_register_read                 0x080080b8   Section        0  qma6100p.o(i.qma6100p_register_read)
    i.qma6100p_register_write_byte           0x08008110   Section        0  qma6100p.o(i.qma6100p_register_write_byte)
    qma6100p_register_write_byte             0x08008111   Thumb Code    54  qma6100p.o(i.qma6100p_register_write_byte)
    i.qma6100p_step_int_config               0x08008146   Section        0  qma6100p.o(i.qma6100p_step_int_config)
    i.read_addr                              0x080081f8   Section        0  usmart.o(i.read_addr)
    i.sqrtf                                  0x080081fe   Section        0  sqrtf.o(i.sqrtf)
    i.sys_stm32_clock_init                   0x0800823c   Section        0  sys.o(i.sys_stm32_clock_init)
    i.usart_init                             0x08008318   Section        0  usart.o(i.usart_init)
    i.user_show_mag                          0x08008350   Section        0  main.o(i.user_show_mag)
    i.usmart_cmd_rec                         0x080083c8   Section        0  usmart.o(i.usmart_cmd_rec)
    i.usmart_exe                             0x08008478   Section        0  usmart.o(i.usmart_exe)
    i.usmart_get_aparm                       0x0800874c   Section        0  usmart_str.o(i.usmart_get_aparm)
    i.usmart_get_cmdname                     0x08008820   Section        0  usmart_str.o(i.usmart_get_cmdname)
    i.usmart_get_fname                       0x08008858   Section        0  usmart_str.o(i.usmart_get_fname)
    i.usmart_get_fparam                      0x08008a18   Section        0  usmart_str.o(i.usmart_get_fparam)
    i.usmart_get_input_string                0x08008b24   Section        0  usmart_port.o(i.usmart_get_input_string)
    i.usmart_get_parmpos                     0x08008b4c   Section        0  usmart_str.o(i.usmart_get_parmpos)
    i.usmart_init                            0x08008b6c   Section        0  usmart.o(i.usmart_init)
    i.usmart_pow                             0x08008b94   Section        0  usmart_str.o(i.usmart_pow)
    i.usmart_scan                            0x08008bac   Section        0  usmart.o(i.usmart_scan)
    i.usmart_search_nextc                    0x08008c54   Section        0  usmart_str.o(i.usmart_search_nextc)
    i.usmart_str2num                         0x08008c6a   Section        0  usmart_str.o(i.usmart_str2num)
    i.usmart_strcmp                          0x08008d70   Section        0  usmart_str.o(i.usmart_strcmp)
    i.usmart_strcopy                         0x08008d92   Section        0  usmart_str.o(i.usmart_strcopy)
    i.usmart_strlen                          0x08008da8   Section        0  usmart_str.o(i.usmart_strlen)
    i.usmart_sys_cmd_exe                     0x08008dc0   Section        0  usmart.o(i.usmart_sys_cmd_exe)
    i.usmart_timx_get_time                   0x080094b4   Section        0  usmart_port.o(i.usmart_timx_get_time)
    i.usmart_timx_init                       0x080094f8   Section        0  usmart_port.o(i.usmart_timx_init)
    i.usmart_timx_reset_time                 0x0800955c   Section        0  usmart_port.o(i.usmart_timx_reset_time)
    i.write_addr                             0x08009590   Section        0  usmart.o(i.write_addr)
    .constdata                               0x08009594   Section       24  system_stm32f4xx.o(.constdata)
    .constdata                               0x080095ac   Section    12160  lcd.o(.constdata)
    .conststring                             0x0800c52c   Section       40  usmart.o(.conststring)
    .conststring                             0x0800c554   Section     1096  usmart_config.o(.conststring)
    .data                                    0x20000000   Section        4  system_stm32f4xx.o(.data)
    .data                                    0x20000004   Section        4  delay.o(.data)
    g_fac_us                                 0x20000004   Data           4  delay.o(.data)
    .data                                    0x20000008   Section        7  usart.o(.data)
    .data                                    0x20000010   Section        9  stm32f4xx_hal.o(.data)
    .data                                    0x2000001c   Section        8  lcd.o(.data)
    .data                                    0x20000024   Section        1  key.o(.data)
    key_up                                   0x20000024   Data           1  key.o(.data)
    .data                                    0x20000028   Section       16  qma6100p.o(.data)
    .data                                    0x20000038   Section       28  usmart.o(.data)
    .data                                    0x20000054   Section      380  usmart_config.o(.data)
    .data                                    0x200001d0   Section        4  errno.o(.data)
    _errno                                   0x200001d0   Data           4  errno.o(.data)
    .bss                                     0x200001d4   Section      268  usart.o(.bss)
    .bss                                     0x200002e0   Section       94  lcd.o(.bss)
    .bss                                     0x20000340   Section       12  qma6100p.o(.bss)
    .bss                                     0x2000034c   Section       72  usmart_port.o(.bss)
    STACK                                    0x20000398   Section     1024  startup_stm32f407xx.o(STACK)

    Global Symbols

    Symbol Name                              Value     Ov Type        Size  Object(Section)

    BuildAttributes$$THM_ISAv4$E$P$D$K$B$S$7EM$VFPi3$EXTD16$VFPS$VFMA$PE$A:L22UL41UL21$X:L11$S22US41US21$IEEE1$IW$USESV6$~STKCKD$USESV7$~SHL$OTIME$ROPI$IEEEX$EBA8$MICROLIB$REQ8$PRES8$EABIv2 0x00000000   Number         0  anon$$obj.o ABSOLUTE
    __ARM_use_no_argv                        0x00000000   Number         0  main.o ABSOLUTE
    __use_no_errno                           0x00000000   Number         0  useno.o ABSOLUTE
    __use_no_exception_handling              0x00000000   Number         0  useno.o ABSOLUTE
    __use_no_fp                              0x00000000   Number         0  useno.o ABSOLUTE
    __use_no_heap                            0x00000000   Number         0  useno.o ABSOLUTE
    __use_no_heap_region                     0x00000000   Number         0  useno.o ABSOLUTE
    __use_no_semihosting                     0x00000000   Number         0  useno.o ABSOLUTE
    __use_no_semihosting_swi                 0x00000000   Number         0  useno.o ABSOLUTE
    __use_no_signal_handling                 0x00000000   Number         0  useno.o ABSOLUTE
    _printf_a                                0x00000000   Number         0  stubs.o ABSOLUTE
    _printf_c                                0x00000000   Number         0  stubs.o ABSOLUTE
    _printf_charcount                        0x00000000   Number         0  stubs.o ABSOLUTE
    _printf_d                                0x00000000   Number         0  stubs.o ABSOLUTE
    _printf_e                                0x00000000   Number         0  stubs.o ABSOLUTE
    _printf_f                                0x00000000   Number         0  stubs.o ABSOLUTE
    _printf_flags                            0x00000000   Number         0  stubs.o ABSOLUTE
    _printf_fp_dec                           0x00000000   Number         0  stubs.o ABSOLUTE
    _printf_fp_hex                           0x00000000   Number         0  stubs.o ABSOLUTE
    _printf_g                                0x00000000   Number         0  stubs.o ABSOLUTE
    _printf_i                                0x00000000   Number         0  stubs.o ABSOLUTE
    _printf_int_dec                          0x00000000   Number         0  stubs.o ABSOLUTE
    _printf_l                                0x00000000   Number         0  stubs.o ABSOLUTE
    _printf_lc                               0x00000000   Number         0  stubs.o ABSOLUTE
    _printf_ll                               0x00000000   Number         0  stubs.o ABSOLUTE
    _printf_lld                              0x00000000   Number         0  stubs.o ABSOLUTE
    _printf_lli                              0x00000000   Number         0  stubs.o ABSOLUTE
    _printf_llo                              0x00000000   Number         0  stubs.o ABSOLUTE
    _printf_llu                              0x00000000   Number         0  stubs.o ABSOLUTE
    _printf_llx                              0x00000000   Number         0  stubs.o ABSOLUTE
    _printf_longlong_dec                     0x00000000   Number         0  stubs.o ABSOLUTE
    _printf_longlong_hex                     0x00000000   Number         0  stubs.o ABSOLUTE
    _printf_longlong_oct                     0x00000000   Number         0  stubs.o ABSOLUTE
    _printf_ls                               0x00000000   Number         0  stubs.o ABSOLUTE
    _printf_mbtowc                           0x00000000   Number         0  stubs.o ABSOLUTE
    _printf_n                                0x00000000   Number         0  stubs.o ABSOLUTE
    _printf_o                                0x00000000   Number         0  stubs.o ABSOLUTE
    _printf_p                                0x00000000   Number         0  stubs.o ABSOLUTE
    _printf_percent                          0x00000000   Number         0  stubs.o ABSOLUTE
    _printf_pre_padding                      0x00000000   Number         0  stubs.o ABSOLUTE
    _printf_return_value                     0x00000000   Number         0  stubs.o ABSOLUTE
    _printf_s                                0x00000000   Number         0  stubs.o ABSOLUTE
    _printf_sizespec                         0x00000000   Number         0  stubs.o ABSOLUTE
    _printf_str                              0x00000000   Number         0  stubs.o ABSOLUTE
    _printf_truncate_signed                  0x00000000   Number         0  stubs.o ABSOLUTE
    _printf_truncate_unsigned                0x00000000   Number         0  stubs.o ABSOLUTE
    _printf_u                                0x00000000   Number         0  stubs.o ABSOLUTE
    _printf_wc                               0x00000000   Number         0  stubs.o ABSOLUTE
    _printf_wctomb                           0x00000000   Number         0  stubs.o ABSOLUTE
    _printf_widthprec                        0x00000000   Number         0  stubs.o ABSOLUTE
    _printf_x                                0x00000000   Number         0  stubs.o ABSOLUTE
    __cpp_initialize__aeabi_                  - Undefined Weak Reference
    __cxa_finalize                            - Undefined Weak Reference
    _clock_init                               - Undefined Weak Reference
    _microlib_exit                            - Undefined Weak Reference
    __Vectors_Size                           0x00000188   Number         0  startup_stm32f407xx.o ABSOLUTE
    __Vectors                                0x08000000   Data           4  startup_stm32f407xx.o(RESET)
    __Vectors_End                            0x08000188   Data           0  startup_stm32f407xx.o(RESET)
    __main                                   0x08000189   Thumb Code     0  entry.o(.ARM.Collect$$$$00000000)
    _main_stk                                0x08000189   Thumb Code     0  entry2.o(.ARM.Collect$$$$00000001)
    _main_scatterload                        0x0800018d   Thumb Code     0  entry5.o(.ARM.Collect$$$$00000004)
    __main_after_scatterload                 0x08000191   Thumb Code     0  entry5.o(.ARM.Collect$$$$00000004)
    _main_clock                              0x08000191   Thumb Code     0  entry7b.o(.ARM.Collect$$$$00000008)
    _main_cpp_init                           0x08000191   Thumb Code     0  entry8b.o(.ARM.Collect$$$$0000000A)
    _main_init                               0x08000191   Thumb Code     0  entry9a.o(.ARM.Collect$$$$0000000B)
    __rt_final_cpp                           0x08000199   Thumb Code     0  entry10a.o(.ARM.Collect$$$$0000000D)
    __rt_final_exit                          0x08000199   Thumb Code     0  entry11a.o(.ARM.Collect$$$$0000000F)
    Reset_Handler                            0x0800019d   Thumb Code    18  startup_stm32f407xx.o(.text)
    ADC_IRQHandler                           0x080001c1   Thumb Code     0  startup_stm32f407xx.o(.text)
    CAN1_RX0_IRQHandler                      0x080001c1   Thumb Code     0  startup_stm32f407xx.o(.text)
    CAN1_RX1_IRQHandler                      0x080001c1   Thumb Code     0  startup_stm32f407xx.o(.text)
    CAN1_SCE_IRQHandler                      0x080001c1   Thumb Code     0  startup_stm32f407xx.o(.text)
    CAN1_TX_IRQHandler                       0x080001c1   Thumb Code     0  startup_stm32f407xx.o(.text)
    CAN2_RX0_IRQHandler                      0x080001c1   Thumb Code     0  startup_stm32f407xx.o(.text)
    CAN2_RX1_IRQHandler                      0x080001c1   Thumb Code     0  startup_stm32f407xx.o(.text)
    CAN2_SCE_IRQHandler                      0x080001c1   Thumb Code     0  startup_stm32f407xx.o(.text)
    CAN2_TX_IRQHandler                       0x080001c1   Thumb Code     0  startup_stm32f407xx.o(.text)
    DCMI_IRQHandler                          0x080001c1   Thumb Code     0  startup_stm32f407xx.o(.text)
    DMA1_Stream0_IRQHandler                  0x080001c1   Thumb Code     0  startup_stm32f407xx.o(.text)
    DMA1_Stream1_IRQHandler                  0x080001c1   Thumb Code     0  startup_stm32f407xx.o(.text)
    DMA1_Stream2_IRQHandler                  0x080001c1   Thumb Code     0  startup_stm32f407xx.o(.text)
    DMA1_Stream3_IRQHandler                  0x080001c1   Thumb Code     0  startup_stm32f407xx.o(.text)
    DMA1_Stream4_IRQHandler                  0x080001c1   Thumb Code     0  startup_stm32f407xx.o(.text)
    DMA1_Stream5_IRQHandler                  0x080001c1   Thumb Code     0  startup_stm32f407xx.o(.text)
    DMA1_Stream6_IRQHandler                  0x080001c1   Thumb Code     0  startup_stm32f407xx.o(.text)
    DMA1_Stream7_IRQHandler                  0x080001c1   Thumb Code     0  startup_stm32f407xx.o(.text)
    DMA2_Stream0_IRQHandler                  0x080001c1   Thumb Code     0  startup_stm32f407xx.o(.text)
    DMA2_Stream1_IRQHandler                  0x080001c1   Thumb Code     0  startup_stm32f407xx.o(.text)
    DMA2_Stream2_IRQHandler                  0x080001c1   Thumb Code     0  startup_stm32f407xx.o(.text)
    DMA2_Stream3_IRQHandler                  0x080001c1   Thumb Code     0  startup_stm32f407xx.o(.text)
    DMA2_Stream4_IRQHandler                  0x080001c1   Thumb Code     0  startup_stm32f407xx.o(.text)
    DMA2_Stream5_IRQHandler                  0x080001c1   Thumb Code     0  startup_stm32f407xx.o(.text)
    DMA2_Stream6_IRQHandler                  0x080001c1   Thumb Code     0  startup_stm32f407xx.o(.text)
    DMA2_Stream7_IRQHandler                  0x080001c1   Thumb Code     0  startup_stm32f407xx.o(.text)
    ETH_IRQHandler                           0x080001c1   Thumb Code     0  startup_stm32f407xx.o(.text)
    ETH_WKUP_IRQHandler                      0x080001c1   Thumb Code     0  startup_stm32f407xx.o(.text)
    EXTI0_IRQHandler                         0x080001c1   Thumb Code     0  startup_stm32f407xx.o(.text)
    EXTI15_10_IRQHandler                     0x080001c1   Thumb Code     0  startup_stm32f407xx.o(.text)
    EXTI1_IRQHandler                         0x080001c1   Thumb Code     0  startup_stm32f407xx.o(.text)
    EXTI2_IRQHandler                         0x080001c1   Thumb Code     0  startup_stm32f407xx.o(.text)
    EXTI3_IRQHandler                         0x080001c1   Thumb Code     0  startup_stm32f407xx.o(.text)
    EXTI4_IRQHandler                         0x080001c1   Thumb Code     0  startup_stm32f407xx.o(.text)
    EXTI9_5_IRQHandler                       0x080001c1   Thumb Code     0  startup_stm32f407xx.o(.text)
    FLASH_IRQHandler                         0x080001c1   Thumb Code     0  startup_stm32f407xx.o(.text)
    FMC_IRQHandler                           0x080001c1   Thumb Code     0  startup_stm32f407xx.o(.text)
    FPU_IRQHandler                           0x080001c1   Thumb Code     0  startup_stm32f407xx.o(.text)
    HASH_RNG_IRQHandler                      0x080001c1   Thumb Code     0  startup_stm32f407xx.o(.text)
    I2C1_ER_IRQHandler                       0x080001c1   Thumb Code     0  startup_stm32f407xx.o(.text)
    I2C1_EV_IRQHandler                       0x080001c1   Thumb Code     0  startup_stm32f407xx.o(.text)
    I2C2_ER_IRQHandler                       0x080001c1   Thumb Code     0  startup_stm32f407xx.o(.text)
    I2C2_EV_IRQHandler                       0x080001c1   Thumb Code     0  startup_stm32f407xx.o(.text)
    I2C3_ER_IRQHandler                       0x080001c1   Thumb Code     0  startup_stm32f407xx.o(.text)
    I2C3_EV_IRQHandler                       0x080001c1   Thumb Code     0  startup_stm32f407xx.o(.text)
    OTG_FS_IRQHandler                        0x080001c1   Thumb Code     0  startup_stm32f407xx.o(.text)
    OTG_FS_WKUP_IRQHandler                   0x080001c1   Thumb Code     0  startup_stm32f407xx.o(.text)
    OTG_HS_EP1_IN_IRQHandler                 0x080001c1   Thumb Code     0  startup_stm32f407xx.o(.text)
    OTG_HS_EP1_OUT_IRQHandler                0x080001c1   Thumb Code     0  startup_stm32f407xx.o(.text)
    OTG_HS_IRQHandler                        0x080001c1   Thumb Code     0  startup_stm32f407xx.o(.text)
    OTG_HS_WKUP_IRQHandler                   0x080001c1   Thumb Code     0  startup_stm32f407xx.o(.text)
    PVD_IRQHandler                           0x080001c1   Thumb Code     0  startup_stm32f407xx.o(.text)
    RCC_IRQHandler                           0x080001c1   Thumb Code     0  startup_stm32f407xx.o(.text)
    RTC_Alarm_IRQHandler                     0x080001c1   Thumb Code     0  startup_stm32f407xx.o(.text)
    RTC_WKUP_IRQHandler                      0x080001c1   Thumb Code     0  startup_stm32f407xx.o(.text)
    SDIO_IRQHandler                          0x080001c1   Thumb Code     0  startup_stm32f407xx.o(.text)
    SPI1_IRQHandler                          0x080001c1   Thumb Code     0  startup_stm32f407xx.o(.text)
    SPI2_IRQHandler                          0x080001c1   Thumb Code     0  startup_stm32f407xx.o(.text)
    SPI3_IRQHandler                          0x080001c1   Thumb Code     0  startup_stm32f407xx.o(.text)
    TAMP_STAMP_IRQHandler                    0x080001c1   Thumb Code     0  startup_stm32f407xx.o(.text)
    TIM1_BRK_TIM9_IRQHandler                 0x080001c1   Thumb Code     0  startup_stm32f407xx.o(.text)
    TIM1_CC_IRQHandler                       0x080001c1   Thumb Code     0  startup_stm32f407xx.o(.text)
    TIM1_TRG_COM_TIM11_IRQHandler            0x080001c1   Thumb Code     0  startup_stm32f407xx.o(.text)
    TIM1_UP_TIM10_IRQHandler                 0x080001c1   Thumb Code     0  startup_stm32f407xx.o(.text)
    TIM2_IRQHandler                          0x080001c1   Thumb Code     0  startup_stm32f407xx.o(.text)
    TIM3_IRQHandler                          0x080001c1   Thumb Code     0  startup_stm32f407xx.o(.text)
    TIM5_IRQHandler                          0x080001c1   Thumb Code     0  startup_stm32f407xx.o(.text)
    TIM6_DAC_IRQHandler                      0x080001c1   Thumb Code     0  startup_stm32f407xx.o(.text)
    TIM7_IRQHandler                          0x080001c1   Thumb Code     0  startup_stm32f407xx.o(.text)
    TIM8_BRK_TIM12_IRQHandler                0x080001c1   Thumb Code     0  startup_stm32f407xx.o(.text)
    TIM8_CC_IRQHandler                       0x080001c1   Thumb Code     0  startup_stm32f407xx.o(.text)
    TIM8_TRG_COM_TIM14_IRQHandler            0x080001c1   Thumb Code     0  startup_stm32f407xx.o(.text)
    TIM8_UP_TIM13_IRQHandler                 0x080001c1   Thumb Code     0  startup_stm32f407xx.o(.text)
    UART4_IRQHandler                         0x080001c1   Thumb Code     0  startup_stm32f407xx.o(.text)
    UART5_IRQHandler                         0x080001c1   Thumb Code     0  startup_stm32f407xx.o(.text)
    USART2_IRQHandler                        0x080001c1   Thumb Code     0  startup_stm32f407xx.o(.text)
    USART3_IRQHandler                        0x080001c1   Thumb Code     0  startup_stm32f407xx.o(.text)
    USART6_IRQHandler                        0x080001c1   Thumb Code     0  startup_stm32f407xx.o(.text)
    WWDG_IRQHandler                          0x080001c1   Thumb Code     0  startup_stm32f407xx.o(.text)
    __aeabi_uldivmod                         0x080001d1   Thumb Code    98  uldiv.o(.text)
    __aeabi_memset                           0x08000233   Thumb Code    14  memseta.o(.text)
    __aeabi_memset4                          0x08000233   Thumb Code     0  memseta.o(.text)
    __aeabi_memset8                          0x08000233   Thumb Code     0  memseta.o(.text)
    __aeabi_memclr                           0x08000241   Thumb Code     4  memseta.o(.text)
    __aeabi_memclr4                          0x08000241   Thumb Code     0  memseta.o(.text)
    __aeabi_memclr8                          0x08000241   Thumb Code     0  memseta.o(.text)
    _memset$wrapper                          0x08000245   Thumb Code    18  memseta.o(.text)
    __aeabi_dadd                             0x08000257   Thumb Code   322  dadd.o(.text)
    __aeabi_dsub                             0x08000399   Thumb Code     6  dadd.o(.text)
    __aeabi_drsub                            0x0800039f   Thumb Code     6  dadd.o(.text)
    __aeabi_dmul                             0x080003a5   Thumb Code   228  dmul.o(.text)
    __aeabi_ddiv                             0x08000489   Thumb Code   222  ddiv.o(.text)
    __aeabi_ui2d                             0x08000567   Thumb Code    26  dfltui.o(.text)
    __aeabi_d2uiz                            0x08000581   Thumb Code    50  dfixui.o(.text)
    __aeabi_f2d                              0x080005b3   Thumb Code    38  f2d.o(.text)
    __aeabi_d2f                              0x080005d9   Thumb Code    56  d2f.o(.text)
    __aeabi_uidiv                            0x08000611   Thumb Code     0  uidiv.o(.text)
    __aeabi_uidivmod                         0x08000611   Thumb Code    44  uidiv.o(.text)
    __aeabi_llsl                             0x0800063d   Thumb Code    30  llshl.o(.text)
    _ll_shift_l                              0x0800063d   Thumb Code     0  llshl.o(.text)
    __aeabi_llsr                             0x0800065b   Thumb Code    32  llushr.o(.text)
    _ll_ushift_r                             0x0800065b   Thumb Code     0  llushr.o(.text)
    __aeabi_lasr                             0x0800067b   Thumb Code    36  llsshr.o(.text)
    _ll_sshift_r                             0x0800067b   Thumb Code     0  llsshr.o(.text)
    __I$use$fp                               0x0800069f   Thumb Code     0  iusefp.o(.text)
    _float_round                             0x0800069f   Thumb Code    18  fepilogue.o(.text)
    _float_epilogue                          0x080006b1   Thumb Code    92  fepilogue.o(.text)
    _double_round                            0x0800070d   Thumb Code    30  depilogue.o(.text)
    _double_epilogue                         0x0800072b   Thumb Code   156  depilogue.o(.text)
    _dsqrt                                   0x080007c7   Thumb Code   162  dsqrt.o(.text)
    __aeabi_d2ulz                            0x08000869   Thumb Code    48  dfixul.o(.text)
    __aeabi_cdrcmple                         0x08000899   Thumb Code    48  cdrcmple.o(.text)
    __ARM_fcmp4                              0x080008c9   Thumb Code    54  fcmp4.o(.text)
    _fcmp4                                   0x080008c9   Thumb Code     0  fcmp4.o(.text)
    __scatterload                            0x08000901   Thumb Code    28  init.o(.text)
    __scatterload_rt2                        0x08000901   Thumb Code     0  init.o(.text)
    __decompress                             0x08000925   Thumb Code     0  __dczerorl2.o(.text)
    __decompress1                            0x08000925   Thumb Code    86  __dczerorl2.o(.text)
    BusFault_Handler                         0x0800097b   Thumb Code     4  stm32f4xx_it.o(i.BusFault_Handler)
    DebugMon_Handler                         0x0800097f   Thumb Code     2  stm32f4xx_it.o(i.DebugMon_Handler)
    FSMC_NORSRAM_Extended_Timing_Init        0x08000981   Thumb Code    66  stm32f4xx_ll_fsmc.o(i.FSMC_NORSRAM_Extended_Timing_Init)
    FSMC_NORSRAM_Init                        0x080009c9   Thumb Code    88  stm32f4xx_ll_fsmc.o(i.FSMC_NORSRAM_Init)
    FSMC_NORSRAM_Timing_Init                 0x08000a25   Thumb Code    68  stm32f4xx_ll_fsmc.o(i.FSMC_NORSRAM_Timing_Init)
    HAL_DMA_Abort                            0x08000a69   Thumb Code   170  stm32f4xx_hal_dma.o(i.HAL_DMA_Abort)
    HAL_DMA_Abort_IT                         0x08000b13   Thumb Code    40  stm32f4xx_hal_dma.o(i.HAL_DMA_Abort_IT)
    HAL_GPIO_Init                            0x08000b3d   Thumb Code   470  stm32f4xx_hal_gpio.o(i.HAL_GPIO_Init)
    HAL_GPIO_ReadPin                         0x08000d41   Thumb Code    16  stm32f4xx_hal_gpio.o(i.HAL_GPIO_ReadPin)
    HAL_GPIO_TogglePin                       0x08000d51   Thumb Code    20  stm32f4xx_hal_gpio.o(i.HAL_GPIO_TogglePin)
    HAL_GPIO_WritePin                        0x08000d65   Thumb Code    12  stm32f4xx_hal_gpio.o(i.HAL_GPIO_WritePin)
    HAL_GetREVID                             0x08000d71   Thumb Code     8  stm32f4xx_hal.o(i.HAL_GetREVID)
    HAL_GetTick                              0x08000d7d   Thumb Code     6  stm32f4xx_hal.o(i.HAL_GetTick)
    HAL_IncTick                              0x08000d89   Thumb Code    16  stm32f4xx_hal.o(i.HAL_IncTick)
    HAL_Init                                 0x08000da1   Thumb Code    44  stm32f4xx_hal.o(i.HAL_Init)
    HAL_InitTick                             0x08000dd1   Thumb Code    64  stm32f4xx_hal.o(i.HAL_InitTick)
    HAL_MspInit                              0x08000e1d   Thumb Code     2  stm32f4xx_hal.o(i.HAL_MspInit)
    HAL_NVIC_EnableIRQ                       0x08000e1f   Thumb Code    32  stm32f4xx_hal_cortex.o(i.HAL_NVIC_EnableIRQ)
    HAL_NVIC_SetPriority                     0x08000e3f   Thumb Code   124  stm32f4xx_hal_cortex.o(i.HAL_NVIC_SetPriority)
    HAL_NVIC_SetPriorityGrouping             0x08000ebd   Thumb Code    32  stm32f4xx_hal_cortex.o(i.HAL_NVIC_SetPriorityGrouping)
    HAL_RCC_ClockConfig                      0x08000ee5   Thumb Code   368  stm32f4xx_hal_rcc.o(i.HAL_RCC_ClockConfig)
    HAL_RCC_GetHCLKFreq                      0x08001069   Thumb Code     6  stm32f4xx_hal_rcc.o(i.HAL_RCC_GetHCLKFreq)
    HAL_RCC_GetPCLK1Freq                     0x08001075   Thumb Code    22  stm32f4xx_hal_rcc.o(i.HAL_RCC_GetPCLK1Freq)
    HAL_RCC_GetPCLK2Freq                     0x08001095   Thumb Code    22  stm32f4xx_hal_rcc.o(i.HAL_RCC_GetPCLK2Freq)
    HAL_RCC_GetSysClockFreq                  0x080010b5   Thumb Code   162  stm32f4xx_hal_rcc.o(i.HAL_RCC_GetSysClockFreq)
    HAL_RCC_OscConfig                        0x08001165   Thumb Code  1172  stm32f4xx_hal_rcc.o(i.HAL_RCC_OscConfig)
    HAL_SRAM_Init                            0x08001601   Thumb Code    88  stm32f4xx_hal_sram.o(i.HAL_SRAM_Init)
    HAL_SRAM_MspInit                         0x08001659   Thumb Code   152  lcd.o(i.HAL_SRAM_MspInit)
    HAL_SYSTICK_Config                       0x080016fd   Thumb Code    52  stm32f4xx_hal_cortex.o(i.HAL_SYSTICK_Config)
    HAL_TIM_Base_Init                        0x08001731   Thumb Code   102  stm32f4xx_hal_tim.o(i.HAL_TIM_Base_Init)
    HAL_TIM_Base_MspInit                     0x08001797   Thumb Code     2  stm32f4xx_hal_tim.o(i.HAL_TIM_Base_MspInit)
    HAL_TIM_Base_Start_IT                    0x08001799   Thumb Code   138  stm32f4xx_hal_tim.o(i.HAL_TIM_Base_Start_IT)
    HAL_UARTEx_RxEventCallback               0x08001841   Thumb Code     2  stm32f4xx_hal_uart.o(i.HAL_UARTEx_RxEventCallback)
    HAL_UART_ErrorCallback                   0x08001843   Thumb Code     2  stm32f4xx_hal_uart.o(i.HAL_UART_ErrorCallback)
    HAL_UART_IRQHandler                      0x08001845   Thumb Code   586  stm32f4xx_hal_uart.o(i.HAL_UART_IRQHandler)
    HAL_UART_Init                            0x08001a95   Thumb Code   114  stm32f4xx_hal_uart.o(i.HAL_UART_Init)
    HAL_UART_MspInit                         0x08001b09   Thumb Code   190  usart.o(i.HAL_UART_MspInit)
    HAL_UART_Receive_IT                      0x08001bd5   Thumb Code    66  stm32f4xx_hal_uart.o(i.HAL_UART_Receive_IT)
    HAL_UART_RxCpltCallback                  0x08001c19   Thumb Code   134  usart.o(i.HAL_UART_RxCpltCallback)
    HAL_UART_TxCpltCallback                  0x08001cb5   Thumb Code     2  stm32f4xx_hal_uart.o(i.HAL_UART_TxCpltCallback)
    HardFault_Handler                        0x08001cb7   Thumb Code     4  stm32f4xx_it.o(i.HardFault_Handler)
    MemManage_Handler                        0x08001cbb   Thumb Code     4  stm32f4xx_it.o(i.MemManage_Handler)
    NMI_Handler                              0x08001cbf   Thumb Code     2  stm32f4xx_it.o(i.NMI_Handler)
    PendSV_Handler                           0x08001cc1   Thumb Code     2  stm32f4xx_it.o(i.PendSV_Handler)
    SVC_Handler                              0x08001cc3   Thumb Code     2  stm32f4xx_it.o(i.SVC_Handler)
    SysTick_Handler                          0x08001cc5   Thumb Code     8  stm32f4xx_it.o(i.SysTick_Handler)
    SystemInit                               0x08001ccd   Thumb Code    14  system_stm32f4xx.o(i.SystemInit)
    TIM4_IRQHandler                          0x08001ce1   Thumb Code    58  usmart_port.o(i.TIM4_IRQHandler)
    TIM_Base_SetConfig                       0x08001d25   Thumb Code   170  stm32f4xx_hal_tim.o(i.TIM_Base_SetConfig)
    UART_Start_Receive_IT                    0x08002151   Thumb Code    70  stm32f4xx_hal_uart.o(i.UART_Start_Receive_IT)
    USART1_IRQHandler                        0x080021f9   Thumb Code    10  usart.o(i.USART1_IRQHandler)
    UsageFault_Handler                       0x08002209   Thumb Code     4  stm32f4xx_it.o(i.UsageFault_Handler)
    __0printf                                0x0800220d   Thumb Code    22  printfa.o(i.__0printf)
    __1printf                                0x0800220d   Thumb Code     0  printfa.o(i.__0printf)
    __2printf                                0x0800220d   Thumb Code     0  printfa.o(i.__0printf)
    __c89printf                              0x0800220d   Thumb Code     0  printfa.o(i.__0printf)
    printf                                   0x0800220d   Thumb Code     0  printfa.o(i.__0printf)
    __0sprintf                               0x0800222d   Thumb Code    34  printfa.o(i.__0sprintf)
    __1sprintf                               0x0800222d   Thumb Code     0  printfa.o(i.__0sprintf)
    __2sprintf                               0x0800222d   Thumb Code     0  printfa.o(i.__0sprintf)
    __c89sprintf                             0x0800222d   Thumb Code     0  printfa.o(i.__0sprintf)
    sprintf                                  0x0800222d   Thumb Code     0  printfa.o(i.__0sprintf)
    __ARM_fpclassifyf                        0x08002255   Thumb Code    38  fpclassifyf.o(i.__ARM_fpclassifyf)
    __hardfp_asinf                           0x080022b5   Thumb Code   258  asinf.o(i.__hardfp_asinf)
    __hardfp_atan2f                          0x080023e1   Thumb Code   502  atan2f.o(i.__hardfp_atan2f)
    __hardfp_fabs                            0x08002631   Thumb Code    20  fabs.o(i.__hardfp_fabs)
    __hardfp_fmaxf                           0x08002645   Thumb Code    72  fmaxf.o(i.__hardfp_fmaxf)
    __hardfp_sqrt                            0x0800268d   Thumb Code   122  sqrt.o(i.__hardfp_sqrt)
    __hardfp_sqrtf                           0x08002707   Thumb Code    58  sqrtf.o(i.__hardfp_sqrtf)
    __mathlib_flt_infnan                     0x08002741   Thumb Code     6  funder.o(i.__mathlib_flt_infnan)
    __mathlib_flt_infnan2                    0x08002747   Thumb Code     6  funder.o(i.__mathlib_flt_infnan2)
    __mathlib_flt_invalid                    0x0800274d   Thumb Code    10  funder.o(i.__mathlib_flt_invalid)
    __mathlib_flt_underflow                  0x0800275d   Thumb Code    10  funder.o(i.__mathlib_flt_underflow)
    __scatterload_copy                       0x0800276d   Thumb Code    14  handlers.o(i.__scatterload_copy)
    __scatterload_null                       0x0800277b   Thumb Code     2  handlers.o(i.__scatterload_null)
    __scatterload_zeroinit                   0x0800277d   Thumb Code    14  handlers.o(i.__scatterload_zeroinit)
    __set_errno                              0x0800278d   Thumb Code     6  errno.o(i.__set_errno)
    accel_calibration_verify                 0x08003055   Thumb Code  2318  main.o(i.accel_calibration_verify)
    at24cxx_read_one_byte                    0x08003b11   Thumb Code    82  24cxx.o(i.at24cxx_read_one_byte)
    at24cxx_write_one_byte                   0x08003b63   Thumb Code    74  24cxx.o(i.at24cxx_write_one_byte)
    delay_init                               0x08003bad   Thumb Code     6  delay.o(i.delay_init)
    delay_ms                                 0x08003bb9   Thumb Code    18  delay.o(i.delay_ms)
    delay_us                                 0x08003bcd   Thumb Code    68  delay.o(i.delay_us)
    fputc                                    0x08003c15   Thumb Code    22  usart.o(i.fputc)
    iic_ack                                  0x08003c31   Thumb Code    80  myiic.o(i.iic_ack)
    iic_init                                 0x08003c91   Thumb Code   122  myiic.o(i.iic_init)
    iic_nack                                 0x08003d15   Thumb Code    60  myiic.o(i.iic_nack)
    iic_read_byte                            0x08003d55   Thumb Code    92  myiic.o(i.iic_read_byte)
    iic_send_byte                            0x08003db5   Thumb Code   106  myiic.o(i.iic_send_byte)
    iic_start                                0x08003e25   Thumb Code    76  myiic.o(i.iic_start)
    iic_stop                                 0x08003e75   Thumb Code    60  myiic.o(i.iic_stop)
    iic_wait_ack                             0x08003eb5   Thumb Code   100  myiic.o(i.iic_wait_ack)
    key_init                                 0x08003f1d   Thumb Code   240  key.o(i.key_init)
    key_scan                                 0x08004019   Thumb Code   184  key.o(i.key_scan)
    lcd_clear                                0x080040dd   Thumb Code    42  lcd.o(i.lcd_clear)
    lcd_display_dir                          0x08004111   Thumb Code   360  lcd.o(i.lcd_display_dir)
    lcd_draw_circle                          0x0800427d   Thumb Code   170  lcd.o(i.lcd_draw_circle)
    lcd_draw_line                            0x08004327   Thumb Code   172  lcd.o(i.lcd_draw_line)
    lcd_draw_point                           0x080043d5   Thumb Code    26  lcd.o(i.lcd_draw_point)
    lcd_draw_rectangle                       0x080043f5   Thumb Code    74  lcd.o(i.lcd_draw_rectangle)
    lcd_ex_ili9341_reginit                   0x0800443f   Thumb Code   556  lcd.o(i.lcd_ex_ili9341_reginit)
    lcd_ex_ili9806_reginit                   0x0800466b   Thumb Code   832  lcd.o(i.lcd_ex_ili9806_reginit)
    lcd_ex_nt35310_reginit                   0x080049ab   Thumb Code  3826  lcd.o(i.lcd_ex_nt35310_reginit)
    lcd_ex_nt35510_reginit                   0x0800589d   Thumb Code  3950  lcd.o(i.lcd_ex_nt35510_reginit)
    lcd_ex_ssd1963_reginit                   0x0800680b   Thumb Code   366  lcd.o(i.lcd_ex_ssd1963_reginit)
    lcd_ex_st7789_reginit                    0x08006979   Thumb Code   424  lcd.o(i.lcd_ex_st7789_reginit)
    lcd_ex_st7796_reginit                    0x08006b21   Thumb Code   454  lcd.o(i.lcd_ex_st7796_reginit)
    lcd_fill                                 0x08006ce9   Thumb Code    80  lcd.o(i.lcd_fill)
    lcd_init                                 0x08006d3d   Thumb Code  1308  lcd.o(i.lcd_init)
    lcd_read_point                           0x080072a1   Thumb Code   148  lcd.o(i.lcd_read_point)
    lcd_scan_dir                             0x08007339   Thumb Code   568  lcd.o(i.lcd_scan_dir)
    lcd_set_cursor                           0x08007575   Thumb Code   282  lcd.o(i.lcd_set_cursor)
    lcd_show_char                            0x08007695   Thumb Code   294  lcd.o(i.lcd_show_char)
    lcd_show_num                             0x080077d5   Thumb Code   152  lcd.o(i.lcd_show_num)
    lcd_show_string                          0x0800786d   Thumb Code   106  lcd.o(i.lcd_show_string)
    lcd_show_xnum                            0x080078d7   Thumb Code   198  lcd.o(i.lcd_show_xnum)
    lcd_ssd_backlight_set                    0x0800799d   Thumb Code    88  lcd.o(i.lcd_ssd_backlight_set)
    lcd_wr_data                              0x080079fd   Thumb Code    18  lcd.o(i.lcd_wr_data)
    lcd_wr_regno                             0x08007a15   Thumb Code    18  lcd.o(i.lcd_wr_regno)
    lcd_write_ram_prepare                    0x08007a2d   Thumb Code    10  lcd.o(i.lcd_write_ram_prepare)
    lcd_write_reg                            0x08007a41   Thumb Code    14  lcd.o(i.lcd_write_reg)
    led_init                                 0x08007a55   Thumb Code   142  led.o(i.led_init)
    main                                     0x08007aed   Thumb Code   514  main.o(i.main)
    qma6100p_comfig                          0x08007da9   Thumb Code   178  qma6100p.o(i.qma6100p_comfig)
    qma6100p_init                            0x08007e85   Thumb Code    42  qma6100p.o(i.qma6100p_init)
    qma6100p_read_rawdata                    0x08007eb1   Thumb Code   490  qma6100p.o(i.qma6100p_read_rawdata)
    qma6100p_register_read                   0x080080b9   Thumb Code    88  qma6100p.o(i.qma6100p_register_read)
    qma6100p_step_int_config                 0x08008147   Thumb Code   178  qma6100p.o(i.qma6100p_step_int_config)
    read_addr                                0x080081f9   Thumb Code     6  usmart.o(i.read_addr)
    sqrtf                                    0x080081ff   Thumb Code    62  sqrtf.o(i.sqrtf)
    sys_stm32_clock_init                     0x0800823d   Thumb Code   208  sys.o(i.sys_stm32_clock_init)
    usart_init                               0x08008319   Thumb Code    44  usart.o(i.usart_init)
    user_show_mag                            0x08008351   Thumb Code   110  main.o(i.user_show_mag)
    usmart_cmd_rec                           0x080083c9   Thumb Code   170  usmart.o(i.usmart_cmd_rec)
    usmart_exe                               0x08008479   Thumb Code   632  usmart.o(i.usmart_exe)
    usmart_get_aparm                         0x0800874d   Thumb Code   212  usmart_str.o(i.usmart_get_aparm)
    usmart_get_cmdname                       0x08008821   Thumb Code    54  usmart_str.o(i.usmart_get_cmdname)
    usmart_get_fname                         0x08008859   Thumb Code   440  usmart_str.o(i.usmart_get_fname)
    usmart_get_fparam                        0x08008a19   Thumb Code   262  usmart_str.o(i.usmart_get_fparam)
    usmart_get_input_string                  0x08008b25   Thumb Code    30  usmart_port.o(i.usmart_get_input_string)
    usmart_get_parmpos                       0x08008b4d   Thumb Code    26  usmart_str.o(i.usmart_get_parmpos)
    usmart_init                              0x08008b6d   Thumb Code    36  usmart.o(i.usmart_init)
    usmart_pow                               0x08008b95   Thumb Code    22  usmart_str.o(i.usmart_pow)
    usmart_scan                              0x08008bad   Thumb Code   106  usmart.o(i.usmart_scan)
    usmart_search_nextc                      0x08008c55   Thumb Code    22  usmart_str.o(i.usmart_search_nextc)
    usmart_str2num                           0x08008c6b   Thumb Code   262  usmart_str.o(i.usmart_str2num)
    usmart_strcmp                            0x08008d71   Thumb Code    34  usmart_str.o(i.usmart_strcmp)
    usmart_strcopy                           0x08008d93   Thumb Code    22  usmart_str.o(i.usmart_strcopy)
    usmart_strlen                            0x08008da9   Thumb Code    24  usmart_str.o(i.usmart_strlen)
    usmart_sys_cmd_exe                       0x08008dc1   Thumb Code  1570  usmart.o(i.usmart_sys_cmd_exe)
    usmart_timx_get_time                     0x080094b5   Thumb Code    58  usmart_port.o(i.usmart_timx_get_time)
    usmart_timx_init                         0x080094f9   Thumb Code    88  usmart_port.o(i.usmart_timx_init)
    usmart_timx_reset_time                   0x0800955d   Thumb Code    44  usmart_port.o(i.usmart_timx_reset_time)
    write_addr                               0x08009591   Thumb Code     4  usmart.o(i.write_addr)
    AHBPrescTable                            0x08009594   Data          16  system_stm32f4xx.o(.constdata)
    APBPrescTable                            0x080095a4   Data           8  system_stm32f4xx.o(.constdata)
    asc2_1206                                0x080095ac   Data        1140  lcd.o(.constdata)
    asc2_1608                                0x08009a20   Data        1520  lcd.o(.constdata)
    asc2_2412                                0x0800a010   Data        3420  lcd.o(.constdata)
    asc2_3216                                0x0800ad6c   Data        6080  lcd.o(.constdata)
    Region$$Table$$Base                      0x0800c99c   Number         0  anon$$obj.o(Region$$Table)
    Region$$Table$$Limit                     0x0800c9bc   Number         0  anon$$obj.o(Region$$Table)
    SystemCoreClock                          0x20000000   Data           4  system_stm32f4xx.o(.data)
    __stdout                                 0x20000008   Data           4  usart.o(.data)
    g_usart_rx_sta                           0x2000000c   Data           2  usart.o(.data)
    g_rx_buffer                              0x2000000e   Data           1  usart.o(.data)
    uwTick                                   0x20000010   Data           4  stm32f4xx_hal.o(.data)
    uwTickPrio                               0x20000014   Data           4  stm32f4xx_hal.o(.data)
    uwTickFreq                               0x20000018   Data           1  stm32f4xx_hal.o(.data)
    g_point_color                            0x2000001c   Data           4  lcd.o(.data)
    g_back_color                             0x20000020   Data           4  lcd.o(.data)
    xyz_data                                 0x20000028   Data           6  qma6100p.o(.data)
    raw_data                                 0x2000002e   Data           6  qma6100p.o(.data)
    acc_normal                               0x20000034   Data           4  qma6100p.o(.data)
    sys_cmd_tab                              0x20000038   Data          28  usmart.o(.data)
    usmart_nametab                           0x20000054   Data         136  usmart_config.o(.data)
    usmart_dev                               0x200000dc   Data         244  usmart_config.o(.data)
    g_usart_rx_buf                           0x200001d4   Data         200  usart.o(.bss)
    g_uart1_handle                           0x2000029c   Data          68  usart.o(.bss)
    g_sram_handle                            0x200002e0   Data          80  lcd.o(.bss)
    lcddev                                   0x20000330   Data          14  lcd.o(.bss)
    accl_data                                0x20000340   Data          12  qma6100p.o(.bss)
    g_timx_usmart_handle                     0x2000034c   Data          72  usmart_port.o(.bss)
    __initial_sp                             0x20000798   Data           0  startup_stm32f407xx.o(STACK)



==============================================================================

Memory Map of the image

  Image Entry point : 0x08000189

  Load Region LR_IROM1 (Base: 0x08000000, Size: 0x0000cb90, Max: 0x00100000, ABSOLUTE, COMPRESSED[0x0000ca70])

    Execution Region ER_IROM1 (Exec base: 0x08000000, Load base: 0x08000000, Size: 0x0000c9bc, Max: 0x00100000, ABSOLUTE)

    Exec Addr    Load Addr    Size         Type   Attr      Idx    E Section Name        Object

    0x08000000   0x08000000   0x00000188   Data   RO            3    RESET               startup_stm32f407xx.o
    0x08000188   0x08000188   0x00000000   Code   RO         4606  * .ARM.Collect$$$$00000000  mc_w.l(entry.o)
    0x08000188   0x08000188   0x00000004   Code   RO         4904    .ARM.Collect$$$$00000001  mc_w.l(entry2.o)
    0x0800018c   0x0800018c   0x00000004   Code   RO         4907    .ARM.Collect$$$$00000004  mc_w.l(entry5.o)
    0x08000190   0x08000190   0x00000000   Code   RO         4909    .ARM.Collect$$$$00000008  mc_w.l(entry7b.o)
    0x08000190   0x08000190   0x00000000   Code   RO         4911    .ARM.Collect$$$$0000000A  mc_w.l(entry8b.o)
    0x08000190   0x08000190   0x00000008   Code   RO         4912    .ARM.Collect$$$$0000000B  mc_w.l(entry9a.o)
    0x08000198   0x08000198   0x00000000   Code   RO         4914    .ARM.Collect$$$$0000000D  mc_w.l(entry10a.o)
    0x08000198   0x08000198   0x00000000   Code   RO         4916    .ARM.Collect$$$$0000000F  mc_w.l(entry11a.o)
    0x08000198   0x08000198   0x00000004   Code   RO         4905    .ARM.Collect$$$$00002712  mc_w.l(entry2.o)
    0x0800019c   0x0800019c   0x00000034   Code   RO            4    .text               startup_stm32f407xx.o
    0x080001d0   0x080001d0   0x00000062   Code   RO         4609    .text               mc_w.l(uldiv.o)
    0x08000232   0x08000232   0x00000024   Code   RO         4611    .text               mc_w.l(memseta.o)
    0x08000256   0x08000256   0x0000014e   Code   RO         4874    .text               mf_w.l(dadd.o)
    0x080003a4   0x080003a4   0x000000e4   Code   RO         4876    .text               mf_w.l(dmul.o)
    0x08000488   0x08000488   0x000000de   Code   RO         4878    .text               mf_w.l(ddiv.o)
    0x08000566   0x08000566   0x0000001a   Code   RO         4880    .text               mf_w.l(dfltui.o)
    0x08000580   0x08000580   0x00000032   Code   RO         4882    .text               mf_w.l(dfixui.o)
    0x080005b2   0x080005b2   0x00000026   Code   RO         4884    .text               mf_w.l(f2d.o)
    0x080005d8   0x080005d8   0x00000038   Code   RO         4886    .text               mf_w.l(d2f.o)
    0x08000610   0x08000610   0x0000002c   Code   RO         4918    .text               mc_w.l(uidiv.o)
    0x0800063c   0x0800063c   0x0000001e   Code   RO         4920    .text               mc_w.l(llshl.o)
    0x0800065a   0x0800065a   0x00000020   Code   RO         4922    .text               mc_w.l(llushr.o)
    0x0800067a   0x0800067a   0x00000024   Code   RO         4924    .text               mc_w.l(llsshr.o)
    0x0800069e   0x0800069e   0x00000000   Code   RO         4933    .text               mc_w.l(iusefp.o)
    0x0800069e   0x0800069e   0x0000006e   Code   RO         4934    .text               mf_w.l(fepilogue.o)
    0x0800070c   0x0800070c   0x000000ba   Code   RO         4936    .text               mf_w.l(depilogue.o)
    0x080007c6   0x080007c6   0x000000a2   Code   RO         4938    .text               mf_w.l(dsqrt.o)
    0x08000868   0x08000868   0x00000030   Code   RO         4940    .text               mf_w.l(dfixul.o)
    0x08000898   0x08000898   0x00000030   Code   RO         4944    .text               mf_w.l(cdrcmple.o)
    0x080008c8   0x080008c8   0x00000036   Code   RO         4946    .text               mf_w.l(fcmp4.o)
    0x080008fe   0x080008fe   0x00000002   PAD
    0x08000900   0x08000900   0x00000024   Code   RO         4948    .text               mc_w.l(init.o)
    0x08000924   0x08000924   0x00000056   Code   RO         4958    .text               mc_w.l(__dczerorl2.o)
    0x0800097a   0x0800097a   0x00000004   Code   RO          295    i.BusFault_Handler  stm32f4xx_it.o
    0x0800097e   0x0800097e   0x00000002   Code   RO          296    i.DebugMon_Handler  stm32f4xx_it.o
    0x08000980   0x08000980   0x00000048   Code   RO         3109    i.FSMC_NORSRAM_Extended_Timing_Init  stm32f4xx_ll_fsmc.o
    0x080009c8   0x080009c8   0x0000005c   Code   RO         3110    i.FSMC_NORSRAM_Init  stm32f4xx_ll_fsmc.o
    0x08000a24   0x08000a24   0x00000044   Code   RO         3111    i.FSMC_NORSRAM_Timing_Init  stm32f4xx_ll_fsmc.o
    0x08000a68   0x08000a68   0x000000aa   Code   RO         3720    i.HAL_DMA_Abort     stm32f4xx_hal_dma.o
    0x08000b12   0x08000b12   0x00000028   Code   RO         3721    i.HAL_DMA_Abort_IT  stm32f4xx_hal_dma.o
    0x08000b3a   0x08000b3a   0x00000002   PAD
    0x08000b3c   0x08000b3c   0x00000204   Code   RO          930    i.HAL_GPIO_Init     stm32f4xx_hal_gpio.o
    0x08000d40   0x08000d40   0x00000010   Code   RO          932    i.HAL_GPIO_ReadPin  stm32f4xx_hal_gpio.o
    0x08000d50   0x08000d50   0x00000014   Code   RO          933    i.HAL_GPIO_TogglePin  stm32f4xx_hal_gpio.o
    0x08000d64   0x08000d64   0x0000000c   Code   RO          934    i.HAL_GPIO_WritePin  stm32f4xx_hal_gpio.o
    0x08000d70   0x08000d70   0x0000000c   Code   RO          613    i.HAL_GetREVID      stm32f4xx_hal.o
    0x08000d7c   0x08000d7c   0x0000000c   Code   RO          614    i.HAL_GetTick       stm32f4xx_hal.o
    0x08000d88   0x08000d88   0x00000018   Code   RO          620    i.HAL_IncTick       stm32f4xx_hal.o
    0x08000da0   0x08000da0   0x00000030   Code   RO          621    i.HAL_Init          stm32f4xx_hal.o
    0x08000dd0   0x08000dd0   0x0000004c   Code   RO          622    i.HAL_InitTick      stm32f4xx_hal.o
    0x08000e1c   0x08000e1c   0x00000002   Code   RO          624    i.HAL_MspInit       stm32f4xx_hal.o
    0x08000e1e   0x08000e1e   0x00000020   Code   RO          792    i.HAL_NVIC_EnableIRQ  stm32f4xx_hal_cortex.o
    0x08000e3e   0x08000e3e   0x0000007c   Code   RO          798    i.HAL_NVIC_SetPriority  stm32f4xx_hal_cortex.o
    0x08000eba   0x08000eba   0x00000002   PAD
    0x08000ebc   0x08000ebc   0x00000028   Code   RO          799    i.HAL_NVIC_SetPriorityGrouping  stm32f4xx_hal_cortex.o
    0x08000ee4   0x08000ee4   0x00000184   Code   RO          994    i.HAL_RCC_ClockConfig  stm32f4xx_hal_rcc.o
    0x08001068   0x08001068   0x0000000c   Code   RO          999    i.HAL_RCC_GetHCLKFreq  stm32f4xx_hal_rcc.o
    0x08001074   0x08001074   0x00000020   Code   RO         1001    i.HAL_RCC_GetPCLK1Freq  stm32f4xx_hal_rcc.o
    0x08001094   0x08001094   0x00000020   Code   RO         1002    i.HAL_RCC_GetPCLK2Freq  stm32f4xx_hal_rcc.o
    0x080010b4   0x080010b4   0x000000b0   Code   RO         1003    i.HAL_RCC_GetSysClockFreq  stm32f4xx_hal_rcc.o
    0x08001164   0x08001164   0x0000049c   Code   RO         1006    i.HAL_RCC_OscConfig  stm32f4xx_hal_rcc.o
    0x08001600   0x08001600   0x00000058   Code   RO         2985    i.HAL_SRAM_Init     stm32f4xx_hal_sram.o
    0x08001658   0x08001658   0x000000a4   Code   RO         3847    i.HAL_SRAM_MspInit  lcd.o
    0x080016fc   0x080016fc   0x00000034   Code   RO          803    i.HAL_SYSTICK_Config  stm32f4xx_hal_cortex.o
    0x08001730   0x08001730   0x00000066   Code   RO         1999    i.HAL_TIM_Base_Init  stm32f4xx_hal_tim.o
    0x08001796   0x08001796   0x00000002   Code   RO         2001    i.HAL_TIM_Base_MspInit  stm32f4xx_hal_tim.o
    0x08001798   0x08001798   0x000000a8   Code   RO         2004    i.HAL_TIM_Base_Start_IT  stm32f4xx_hal_tim.o
    0x08001840   0x08001840   0x00000002   Code   RO         1600    i.HAL_UARTEx_RxEventCallback  stm32f4xx_hal_uart.o
    0x08001842   0x08001842   0x00000002   Code   RO         1614    i.HAL_UART_ErrorCallback  stm32f4xx_hal_uart.o
    0x08001844   0x08001844   0x00000250   Code   RO         1617    i.HAL_UART_IRQHandler  stm32f4xx_hal_uart.o
    0x08001a94   0x08001a94   0x00000072   Code   RO         1618    i.HAL_UART_Init     stm32f4xx_hal_uart.o
    0x08001b06   0x08001b06   0x00000002   PAD
    0x08001b08   0x08001b08   0x000000cc   Code   RO          524    i.HAL_UART_MspInit  usart.o
    0x08001bd4   0x08001bd4   0x00000042   Code   RO         1623    i.HAL_UART_Receive_IT  stm32f4xx_hal_uart.o
    0x08001c16   0x08001c16   0x00000002   PAD
    0x08001c18   0x08001c18   0x0000009c   Code   RO          525    i.HAL_UART_RxCpltCallback  usart.o
    0x08001cb4   0x08001cb4   0x00000002   Code   RO         1629    i.HAL_UART_TxCpltCallback  stm32f4xx_hal_uart.o
    0x08001cb6   0x08001cb6   0x00000004   Code   RO          297    i.HardFault_Handler  stm32f4xx_it.o
    0x08001cba   0x08001cba   0x00000004   Code   RO          298    i.MemManage_Handler  stm32f4xx_it.o
    0x08001cbe   0x08001cbe   0x00000002   Code   RO          299    i.NMI_Handler       stm32f4xx_it.o
    0x08001cc0   0x08001cc0   0x00000002   Code   RO          300    i.PendSV_Handler    stm32f4xx_it.o
    0x08001cc2   0x08001cc2   0x00000002   Code   RO          301    i.SVC_Handler       stm32f4xx_it.o
    0x08001cc4   0x08001cc4   0x00000008   Code   RO          302    i.SysTick_Handler   stm32f4xx_it.o
    0x08001ccc   0x08001ccc   0x00000014   Code   RO          371    i.SystemInit        system_stm32f4xx.o
    0x08001ce0   0x08001ce0   0x00000044   Code   RO         4416    i.TIM4_IRQHandler   usmart_port.o
    0x08001d24   0x08001d24   0x000000d8   Code   RO         2092    i.TIM_Base_SetConfig  stm32f4xx_hal_tim.o
    0x08001dfc   0x08001dfc   0x00000014   Code   RO         1631    i.UART_DMAAbortOnError  stm32f4xx_hal_uart.o
    0x08001e10   0x08001e10   0x00000036   Code   RO         1641    i.UART_EndRxTransfer  stm32f4xx_hal_uart.o
    0x08001e46   0x08001e46   0x00000020   Code   RO         1642    i.UART_EndTransmit_IT  stm32f4xx_hal_uart.o
    0x08001e66   0x08001e66   0x000000be   Code   RO         1644    i.UART_Receive_IT   stm32f4xx_hal_uart.o
    0x08001f24   0x08001f24   0x0000022c   Code   RO         1645    i.UART_SetConfig    stm32f4xx_hal_uart.o
    0x08002150   0x08002150   0x00000046   Code   RO         1647    i.UART_Start_Receive_IT  stm32f4xx_hal_uart.o
    0x08002196   0x08002196   0x00000060   Code   RO         1648    i.UART_Transmit_IT  stm32f4xx_hal_uart.o
    0x080021f6   0x080021f6   0x00000002   PAD
    0x080021f8   0x080021f8   0x00000010   Code   RO          526    i.USART1_IRQHandler  usart.o
    0x08002208   0x08002208   0x00000004   Code   RO          303    i.UsageFault_Handler  stm32f4xx_it.o
    0x0800220c   0x0800220c   0x00000020   Code   RO         4846    i.__0printf         mc_w.l(printfa.o)
    0x0800222c   0x0800222c   0x00000028   Code   RO         4848    i.__0sprintf        mc_w.l(printfa.o)
    0x08002254   0x08002254   0x00000026   Code   RO         4888    i.__ARM_fpclassifyf  m_wm.l(fpclassifyf.o)
    0x0800227a   0x0800227a   0x00000002   PAD
    0x0800227c   0x0800227c   0x00000010   Code   RO          805    i.__NVIC_GetPriorityGrouping  stm32f4xx_hal_cortex.o
    0x0800228c   0x0800228c   0x00000028   Code   RO          806    i.__NVIC_SetPriority  stm32f4xx_hal_cortex.o
    0x080022b4   0x080022b4   0x0000012c   Code   RO         4548    i.__hardfp_asinf    m_wm.l(asinf.o)
    0x080023e0   0x080023e0   0x00000250   Code   RO         4560    i.__hardfp_atan2f   m_wm.l(atan2f.o)
    0x08002630   0x08002630   0x00000014   Code   RO         4572    i.__hardfp_fabs     m_wm.l(fabs.o)
    0x08002644   0x08002644   0x00000048   Code   RO         4602    i.__hardfp_fmaxf    m_wm.l(fmaxf.o)
    0x0800268c   0x0800268c   0x0000007a   Code   RO         4578    i.__hardfp_sqrt     m_wm.l(sqrt.o)
    0x08002706   0x08002706   0x0000003a   Code   RO         4590    i.__hardfp_sqrtf    m_wm.l(sqrtf.o)
    0x08002740   0x08002740   0x00000006   Code   RO         4891    i.__mathlib_flt_infnan  m_wm.l(funder.o)
    0x08002746   0x08002746   0x00000006   Code   RO         4892    i.__mathlib_flt_infnan2  m_wm.l(funder.o)
    0x0800274c   0x0800274c   0x00000010   Code   RO         4893    i.__mathlib_flt_invalid  m_wm.l(funder.o)
    0x0800275c   0x0800275c   0x00000010   Code   RO         4896    i.__mathlib_flt_underflow  m_wm.l(funder.o)
    0x0800276c   0x0800276c   0x0000000e   Code   RO         4952    i.__scatterload_copy  mc_w.l(handlers.o)
    0x0800277a   0x0800277a   0x00000002   Code   RO         4953    i.__scatterload_null  mc_w.l(handlers.o)
    0x0800277c   0x0800277c   0x0000000e   Code   RO         4954    i.__scatterload_zeroinit  mc_w.l(handlers.o)
    0x0800278a   0x0800278a   0x00000002   PAD
    0x0800278c   0x0800278c   0x0000000c   Code   RO         4928    i.__set_errno       mc_w.l(errno.o)
    0x08002798   0x08002798   0x00000184   Code   RO         4853    i._fp_digits        mc_w.l(printfa.o)
    0x0800291c   0x0800291c   0x000006dc   Code   RO         4854    i._printf_core      mc_w.l(printfa.o)
    0x08002ff8   0x08002ff8   0x00000024   Code   RO         4855    i._printf_post_padding  mc_w.l(printfa.o)
    0x0800301c   0x0800301c   0x0000002e   Code   RO         4856    i._printf_pre_padding  mc_w.l(printfa.o)
    0x0800304a   0x0800304a   0x0000000a   Code   RO         4858    i._sputc            mc_w.l(printfa.o)
    0x08003054   0x08003054   0x00000abc   Code   RO           13    i.accel_calibration_verify  main.o
    0x08003b10   0x08003b10   0x00000052   Code   RO         4142    i.at24cxx_read_one_byte  24cxx.o
    0x08003b62   0x08003b62   0x0000004a   Code   RO         4144    i.at24cxx_write_one_byte  24cxx.o
    0x08003bac   0x08003bac   0x0000000c   Code   RO          408    i.delay_init        delay.o
    0x08003bb8   0x08003bb8   0x00000012   Code   RO          409    i.delay_ms          delay.o
    0x08003bca   0x08003bca   0x00000002   PAD
    0x08003bcc   0x08003bcc   0x00000048   Code   RO          410    i.delay_us          delay.o
    0x08003c14   0x08003c14   0x0000001c   Code   RO          530    i.fputc             usart.o
    0x08003c30   0x08003c30   0x00000054   Code   RO         4196    i.iic_ack           myiic.o
    0x08003c84   0x08003c84   0x0000000a   Code   RO         4197    i.iic_delay         myiic.o
    0x08003c8e   0x08003c8e   0x00000002   PAD
    0x08003c90   0x08003c90   0x00000084   Code   RO         4198    i.iic_init          myiic.o
    0x08003d14   0x08003d14   0x00000040   Code   RO         4199    i.iic_nack          myiic.o
    0x08003d54   0x08003d54   0x00000060   Code   RO         4200    i.iic_read_byte     myiic.o
    0x08003db4   0x08003db4   0x00000070   Code   RO         4201    i.iic_send_byte     myiic.o
    0x08003e24   0x08003e24   0x00000050   Code   RO         4202    i.iic_start         myiic.o
    0x08003e74   0x08003e74   0x00000040   Code   RO         4203    i.iic_stop          myiic.o
    0x08003eb4   0x08003eb4   0x00000068   Code   RO         4204    i.iic_wait_ack      myiic.o
    0x08003f1c   0x08003f1c   0x000000fc   Code   RO         4108    i.key_init          key.o
    0x08004018   0x08004018   0x000000c4   Code   RO         4109    i.key_scan          key.o
    0x080040dc   0x080040dc   0x00000034   Code   RO         3848    i.lcd_clear         lcd.o
    0x08004110   0x08004110   0x0000016c   Code   RO         3850    i.lcd_display_dir   lcd.o
    0x0800427c   0x0800427c   0x000000aa   Code   RO         3853    i.lcd_draw_circle   lcd.o
    0x08004326   0x08004326   0x000000ac   Code   RO         3855    i.lcd_draw_line     lcd.o
    0x080043d2   0x080043d2   0x00000002   PAD
    0x080043d4   0x080043d4   0x00000020   Code   RO         3856    i.lcd_draw_point    lcd.o
    0x080043f4   0x080043f4   0x0000004a   Code   RO         3857    i.lcd_draw_rectangle  lcd.o
    0x0800443e   0x0800443e   0x0000022c   Code   RO         3858    i.lcd_ex_ili9341_reginit  lcd.o
    0x0800466a   0x0800466a   0x00000340   Code   RO         3859    i.lcd_ex_ili9806_reginit  lcd.o
    0x080049aa   0x080049aa   0x00000ef2   Code   RO         3860    i.lcd_ex_nt35310_reginit  lcd.o
    0x0800589c   0x0800589c   0x00000f6e   Code   RO         3861    i.lcd_ex_nt35510_reginit  lcd.o
    0x0800680a   0x0800680a   0x0000016e   Code   RO         3862    i.lcd_ex_ssd1963_reginit  lcd.o
    0x08006978   0x08006978   0x000001a8   Code   RO         3863    i.lcd_ex_st7789_reginit  lcd.o
    0x08006b20   0x08006b20   0x000001c6   Code   RO         3864    i.lcd_ex_st7796_reginit  lcd.o
    0x08006ce6   0x08006ce6   0x00000002   PAD
    0x08006ce8   0x08006ce8   0x00000054   Code   RO         3865    i.lcd_fill          lcd.o
    0x08006d3c   0x08006d3c   0x00000528   Code   RO         3867    i.lcd_init          lcd.o
    0x08007264   0x08007264   0x0000000c   Code   RO         3868    i.lcd_opt_delay     lcd.o
    0x08007270   0x08007270   0x00000016   Code   RO         3869    i.lcd_pow           lcd.o
    0x08007286   0x08007286   0x00000002   PAD
    0x08007288   0x08007288   0x00000018   Code   RO         3870    i.lcd_rd_data       lcd.o
    0x080072a0   0x080072a0   0x00000098   Code   RO         3871    i.lcd_read_point    lcd.o
    0x08007338   0x08007338   0x0000023c   Code   RO         3872    i.lcd_scan_dir      lcd.o
    0x08007574   0x08007574   0x00000120   Code   RO         3873    i.lcd_set_cursor    lcd.o
    0x08007694   0x08007694   0x00000140   Code   RO         3875    i.lcd_show_char     lcd.o
    0x080077d4   0x080077d4   0x00000098   Code   RO         3876    i.lcd_show_num      lcd.o
    0x0800786c   0x0800786c   0x0000006a   Code   RO         3877    i.lcd_show_string   lcd.o
    0x080078d6   0x080078d6   0x000000c6   Code   RO         3878    i.lcd_show_xnum     lcd.o
    0x0800799c   0x0800799c   0x00000060   Code   RO         3879    i.lcd_ssd_backlight_set  lcd.o
    0x080079fc   0x080079fc   0x00000018   Code   RO         3880    i.lcd_wr_data       lcd.o
    0x08007a14   0x08007a14   0x00000018   Code   RO         3881    i.lcd_wr_regno      lcd.o
    0x08007a2c   0x08007a2c   0x00000014   Code   RO         3882    i.lcd_write_ram_prepare  lcd.o
    0x08007a40   0x08007a40   0x00000014   Code   RO         3883    i.lcd_write_reg     lcd.o
    0x08007a54   0x08007a54   0x00000098   Code   RO         3823    i.led_init          led.o
    0x08007aec   0x08007aec   0x000002bc   Code   RO           14    i.main              main.o
    0x08007da8   0x08007da8   0x000000dc   Code   RO         4267    i.qma6100p_comfig   qma6100p.o
    0x08007e84   0x08007e84   0x0000002a   Code   RO         4268    i.qma6100p_init     qma6100p.o
    0x08007eae   0x08007eae   0x00000002   PAD
    0x08007eb0   0x08007eb0   0x00000208   Code   RO         4269    i.qma6100p_read_rawdata  qma6100p.o
    0x080080b8   0x080080b8   0x00000058   Code   RO         4270    i.qma6100p_register_read  qma6100p.o
    0x08008110   0x08008110   0x00000036   Code   RO         4271    i.qma6100p_register_write_byte  qma6100p.o
    0x08008146   0x08008146   0x000000b2   Code   RO         4272    i.qma6100p_step_int_config  qma6100p.o
    0x080081f8   0x080081f8   0x00000006   Code   RO         4324    i.read_addr         usmart.o
    0x080081fe   0x080081fe   0x0000003e   Code   RO         4592    i.sqrtf             m_wm.l(sqrtf.o)
    0x0800823c   0x0800823c   0x000000dc   Code   RO          457    i.sys_stm32_clock_init  sys.o
    0x08008318   0x08008318   0x00000038   Code   RO          531    i.usart_init        usart.o
    0x08008350   0x08008350   0x00000078   Code   RO           15    i.user_show_mag     main.o
    0x080083c8   0x080083c8   0x000000b0   Code   RO         4325    i.usmart_cmd_rec    usmart.o
    0x08008478   0x08008478   0x000002d4   Code   RO         4326    i.usmart_exe        usmart.o
    0x0800874c   0x0800874c   0x000000d4   Code   RO         4467    i.usmart_get_aparm  usmart_str.o
    0x08008820   0x08008820   0x00000036   Code   RO         4468    i.usmart_get_cmdname  usmart_str.o
    0x08008856   0x08008856   0x00000002   PAD
    0x08008858   0x08008858   0x000001c0   Code   RO         4469    i.usmart_get_fname  usmart_str.o
    0x08008a18   0x08008a18   0x0000010c   Code   RO         4470    i.usmart_get_fparam  usmart_str.o
    0x08008b24   0x08008b24   0x00000028   Code   RO         4417    i.usmart_get_input_string  usmart_port.o
    0x08008b4c   0x08008b4c   0x00000020   Code   RO         4471    i.usmart_get_parmpos  usmart_str.o
    0x08008b6c   0x08008b6c   0x00000028   Code   RO         4327    i.usmart_init       usmart.o
    0x08008b94   0x08008b94   0x00000016   Code   RO         4472    i.usmart_pow        usmart_str.o
    0x08008baa   0x08008baa   0x00000002   PAD
    0x08008bac   0x08008bac   0x000000a8   Code   RO         4328    i.usmart_scan       usmart.o
    0x08008c54   0x08008c54   0x00000016   Code   RO         4473    i.usmart_search_nextc  usmart_str.o
    0x08008c6a   0x08008c6a   0x00000106   Code   RO         4474    i.usmart_str2num    usmart_str.o
    0x08008d70   0x08008d70   0x00000022   Code   RO         4475    i.usmart_strcmp     usmart_str.o
    0x08008d92   0x08008d92   0x00000016   Code   RO         4476    i.usmart_strcopy    usmart_str.o
    0x08008da8   0x08008da8   0x00000018   Code   RO         4477    i.usmart_strlen     usmart_str.o
    0x08008dc0   0x08008dc0   0x000006f4   Code   RO         4329    i.usmart_sys_cmd_exe  usmart.o
    0x080094b4   0x080094b4   0x00000044   Code   RO         4418    i.usmart_timx_get_time  usmart_port.o
    0x080094f8   0x080094f8   0x00000064   Code   RO         4419    i.usmart_timx_init  usmart_port.o
    0x0800955c   0x0800955c   0x00000034   Code   RO         4420    i.usmart_timx_reset_time  usmart_port.o
    0x08009590   0x08009590   0x00000004   Code   RO         4330    i.write_addr        usmart.o
    0x08009594   0x08009594   0x00000018   Data   RO          372    .constdata          system_stm32f4xx.o
    0x080095ac   0x080095ac   0x00002f80   Data   RO         3885    .constdata          lcd.o
    0x0800c52c   0x0800c52c   0x00000028   Data   RO         4331    .conststring        usmart.o
    0x0800c554   0x0800c554   0x00000448   Data   RO         4391    .conststring        usmart_config.o
    0x0800c99c   0x0800c99c   0x00000020   Data   RO         4950    Region$$Table       anon$$obj.o


    Execution Region RW_IRAM1 (Exec base: 0x20000000, Load base: 0x0800c9bc, Size: 0x00000798, Max: 0x00020000, ABSOLUTE, COMPRESSED[0x000000b4])

    Exec Addr    Load Addr    Size         Type   Attr      Idx    E Section Name        Object

    0x20000000   COMPRESSED   0x00000004   Data   RW          373    .data               system_stm32f4xx.o
    0x20000004   COMPRESSED   0x00000004   Data   RW          411    .data               delay.o
    0x20000008   COMPRESSED   0x00000007   Data   RW          533    .data               usart.o
    0x2000000f   COMPRESSED   0x00000001   PAD
    0x20000010   COMPRESSED   0x00000009   Data   RW          628    .data               stm32f4xx_hal.o
    0x20000019   COMPRESSED   0x00000003   PAD
    0x2000001c   COMPRESSED   0x00000008   Data   RW         3886    .data               lcd.o
    0x20000024   COMPRESSED   0x00000001   Data   RW         4110    .data               key.o
    0x20000025   COMPRESSED   0x00000003   PAD
    0x20000028   COMPRESSED   0x00000010   Data   RW         4274    .data               qma6100p.o
    0x20000038   COMPRESSED   0x0000001c   Data   RW         4332    .data               usmart.o
    0x20000054   COMPRESSED   0x0000017c   Data   RW         4392    .data               usmart_config.o
    0x200001d0   COMPRESSED   0x00000004   Data   RW         4929    .data               mc_w.l(errno.o)
    0x200001d4        -       0x0000010c   Zero   RW          532    .bss                usart.o
    0x200002e0        -       0x0000005e   Zero   RW         3884    .bss                lcd.o
    0x2000033e   COMPRESSED   0x00000002   PAD
    0x20000340        -       0x0000000c   Zero   RW         4273    .bss                qma6100p.o
    0x2000034c        -       0x00000048   Zero   RW         4421    .bss                usmart_port.o
    0x20000394   COMPRESSED   0x00000004   PAD
    0x20000398        -       0x00000400   Zero   RW            1    STACK               startup_stm32f407xx.o


==============================================================================

Image component sizes


      Code (inc. data)   RO Data    RW Data    ZI Data      Debug   Object Name

       156          0          0          0          0       1433   24cxx.o
       102         10          0          4          0       2195   delay.o
       448         24          0          1          0       1990   key.o
     14870        190      12160          8         94      33661   lcd.o
       152         10          0          0          0       1063   led.o
      3568       1010          0          0          0     707262   main.o
       746         40          0          0          0       6026   myiic.o
      1102         72          0         16         12       5475   qma6100p.o
        52         14        392          0       1024       1012   startup_stm32f407xx.o
       174         34          0          9          0      10426   stm32f4xx_hal.o
       304         22          0          0          0      34975   stm32f4xx_hal_cortex.o
       210          0          0          0          0       2171   stm32f4xx_hal_dma.o
       564         46          0          0          0       3788   stm32f4xx_hal_gpio.o
      1820         84          0          0          0       6116   stm32f4xx_hal_rcc.o
        88          0          0          0          0       1352   stm32f4xx_hal_sram.o
       488         76          0          0          0       3608   stm32f4xx_hal_tim.o
      1796         16          0          0          0      10788   stm32f4xx_hal_uart.o
        32          0          0          0          0       4778   stm32f4xx_it.o
       232         10          0          0          0       3011   stm32f4xx_ll_fsmc.o
       220         12          0          0          0       1479   sys.o
        20          6         24          4          0       1551   system_stm32f4xx.o
       460         60          0          7        268       5577   usart.o
      2898       1308         40         28          0       6562   usmart.o
         0          0       1096        380          0       1752   usmart_config.o
       328         50          0          0         72       3938   usmart_port.o
      1400         20          0          0          0      10169   usmart_str.o

    ----------------------------------------------------------------------
     32256       3114      13744        464       1476     872158   Object Totals
         0          0         32          0          0          0   (incl. Generated)
        26          0          0          7          6          0   (incl. Padding)

    ----------------------------------------------------------------------

      Code (inc. data)   RO Data    RW Data    ZI Data      Debug   Library Member Name

       300         42          0          0          0        176   asinf.o
       592         90          0          0          0        184   atan2f.o
        20          0          0          0          0        124   fabs.o
        72          0          0          0          0        148   fmaxf.o
        38          0          0          0          0        116   fpclassifyf.o
        44         12          0          0          0        464   funder.o
       122          0          0          0          0        148   sqrt.o
       120          0          0          0          0        272   sqrtf.o
        86          0          0          0          0          0   __dczerorl2.o
         0          0          0          0          0          0   entry.o
         0          0          0          0          0          0   entry10a.o
         0          0          0          0          0          0   entry11a.o
         8          4          0          0          0          0   entry2.o
         4          0          0          0          0          0   entry5.o
         0          0          0          0          0          0   entry7b.o
         0          0          0          0          0          0   entry8b.o
         8          4          0          0          0          0   entry9a.o
        12          6          0          4          0         68   errno.o
        30          0          0          0          0          0   handlers.o
        36          8          0          0          0         68   init.o
         0          0          0          0          0          0   iusefp.o
        30          0          0          0          0         68   llshl.o
        36          0          0          0          0         68   llsshr.o
        32          0          0          0          0         68   llushr.o
        36          0          0          0          0        108   memseta.o
      2308         96          0          0          0        604   printfa.o
        44          0          0          0          0         80   uidiv.o
        98          0          0          0          0         92   uldiv.o
        48          0          0          0          0         68   cdrcmple.o
        56          0          0          0          0         88   d2f.o
       334          0          0          0          0        148   dadd.o
       222          0          0          0          0        100   ddiv.o
       186          0          0          0          0        176   depilogue.o
        50          0          0          0          0         76   dfixui.o
        48          0          0          0          0         68   dfixul.o
        26          0          0          0          0         76   dfltui.o
       228          0          0          0          0         96   dmul.o
       162          0          0          0          0        100   dsqrt.o
        38          0          0          0          0         68   f2d.o
        54          0          0          0          0         68   fcmp4.o
       110          0          0          0          0        168   fepilogue.o

    ----------------------------------------------------------------------
      5644        262          0          4          0       4156   Library Totals
         6          0          0          0          0          0   (incl. Padding)

    ----------------------------------------------------------------------

      Code (inc. data)   RO Data    RW Data    ZI Data      Debug   Library Name

      1308        144          0          0          0       1632   m_wm.l
      2768        118          0          4          0       1224   mc_w.l
      1562          0          0          0          0       1300   mf_w.l

    ----------------------------------------------------------------------
      5644        262          0          4          0       4156   Library Totals

    ----------------------------------------------------------------------

==============================================================================


      Code (inc. data)   RO Data    RW Data    ZI Data      Debug   

     37900       3376      13744        468       1476     860698   Grand Totals
     37900       3376      13744        180       1476     860698   ELF Image Totals (compressed)
     37900       3376      13744        180          0          0   ROM Totals

==============================================================================

    Total RO  Size (Code + RO Data)                51644 (  50.43kB)
    Total RW  Size (RW Data + ZI Data)              1944 (   1.90kB)
    Total ROM Size (Code + RO Data + RW Data)      51824 (  50.61kB)

==============================================================================

