<html>
<body>
<pre>
<h1>礦ision Build Log</h1>
<h2>Tool Versions:</h2>
IDE-Version: μVision V5.24.2.0
Copyright (C) 2017 ARM Ltd and ARM Germany GmbH. All rights reserved.
License Information: f 15058204812@163.com, f, LIC=X96CK-ZMQ9Y-DYWV3-AQKZG-2IWF2-795LT
 
Tool Versions:
Toolchain:       MDK-ARM Plus  Version: 5.24.1
Toolchain Path:  D:\download_any\keil5\ARM\ARMCC\Bin
C Compiler:      Armcc.exe V5.06 update 5 (build 528)
Assembler:       Armasm.exe V5.06 update 5 (build 528)
Linker/Locator:  ArmLink.exe V5.06 update 5 (build 528)
Library Manager: ArmAr.exe V5.06 update 5 (build 528)
Hex Converter:   FromElf.exe V5.06 update 5 (build 528)
CPU DLL:         SARMCM3.DLL V5.24.1
Dialog DLL:      DCM.DLL V1.16.0.0
Target DLL:      CMSIS_AGDI.dll V1.28.3.0
Dialog DLL:      TCM.DLL V1.32.0.0
 
<h2>Project:</h2>
C:\Users\15058\Desktop\探索者-HAL库code\实验32 三轴传感器(支持硬件版本V3.5)\Projects\MDK-ARM\atk_f407.uvprojx
Project File Date:  12/11/2025

<h2>Output:</h2>
*** Using Compiler 'V5.06 update 5 (build 528)', folder: 'D:\download_any\keil5\ARM\ARMCC\Bin'
Build target 'QMA6100P'
assembling startup_stm32f407xx.s...
compiling stm32f4xx_it.c...
compiling usart.c...
compiling delay.c...
compiling system_stm32f4xx.c...
compiling stm32f4xx_hal.c...
compiling stm32f4xx_hal_cortex.c...
compiling stm32f4xx_hal_gpio.c...
compiling stm32f4xx_hal_pwr_ex.c...
compiling sys.c...
compiling stm32f4xx_hal_rcc_ex.c...
compiling stm32f4xx_hal_rcc.c...
compiling stm32f4xx_hal_pwr.c...
compiling stm32f4xx_hal_usart.c...
compiling main.c...
compiling stm32f4xx_hal_sram.c...
compiling stm32f4xx_hal_dma_ex.c...
compiling stm32f4xx_ll_fsmc.c...
compiling stm32f4xx_hal_uart.c...
compiling stm32f4xx_hal_tim_ex.c...
compiling stm32f4xx_hal_i2c_ex.c...
compiling led.c...
compiling stm32f4xx_hal_tim.c...
compiling key.c...
compiling stm32f4xx_hal_dma.c...
compiling 24cxx.c...
compiling myiic.c...
compiling stm32f4xx_hal_i2c.c...
compiling lcd.c...
compiling qma6100p.c...
compiling usmart_config.c...
compiling usmart.c...
compiling usmart_port.c...
compiling usmart_str.c...
linking...
Program Size: Code=37900 RO-data=13744 RW-data=468 ZI-data=1476  
FromELF: creating hex file...
"..\..\Output\atk_f407.axf" - 0 Error(s), 0 Warning(s).

<h2>Software Packages used:</h2>

Package Vendor: Keil
                https://www.keil.com/pack/Keil.STM32F4xx_DFP.2.17.1.pack
                Keil.STM32F4xx_DFP.2.17.1
                STMicroelectronics STM32F4 Series Device Support, Drivers and Examples

<h2>Collection of Component include folders:</h2>
  .\RTE\_QMA6100P
  D:\download_any\keil5\ARM\PACK\Keil\STM32F4xx_DFP\2.17.1\Drivers\CMSIS\Device\ST\STM32F4xx\Include

<h2>Collection of Component Files used:</h2>
Build Time Elapsed:  00:00:04
</pre>
</body>
</html>
